10    08:04:34.596788 execve("/usr/bin/bash", ["bash", "-c", "echo x > /var/log/syslog 2>/dev/"...], 0xfffffec9d710 /* 6 vars */) = 0 <0.000066>
10    08:04:34.596943 mmap(NULL, 8192, PROT_READ|PROT_WRITE, MAP_PRIVATE|MAP_ANONYMOUS, -1, 0) = 0xe5c7f35b1000 <0.000014>
10    08:04:34.597010 openat(AT_FDCWD, "/etc/ld.so.cache", O_RDONLY|O_CLOEXEC) = 3 <0.000015>
10    08:04:34.597078 mmap(NULL, 6888, PROT_READ, MAP_PRIVATE, 3, 0) = 0xe5c7f35af000 <0.000014>
10    08:04:34.597139 openat(AT_FDCWD, "/lib/aarch64-linux-gnu/libtinfo.so.6", O_RDONLY|O_CLOEXEC) = 3 <0.000016>
10    08:04:34.597232 mmap(NULL, 325800, PROT_NONE, MAP_PRIVATE|MAP_ANONYMOUS, -1, 0) = 0xe5c7f352c000 <0.000015>
10    08:04:34.597265 mmap(0xe5c7f3530000, 260264, PROT_READ|PROT_EXEC, MAP_PRIVATE|MAP_FIXED|MAP_DENYWRITE, 3, 0) = 0xe5c7f3530000 <0.000016>
10    08:04:34.597386 mmap(0xe5c7f356b000, 20480, PROT_READ|PROT_WRITE, MAP_PRIVATE|MAP_FIXED|MAP_DENYWRITE, 3, 0x2b000) = 0xe5c7f356b000 <0.000014>
10    08:04:34.597451 openat(AT_FDCWD, "/lib/aarch64-linux-gnu/libc.so.6", O_RDONLY|O_CLOEXEC) = 3 <0.000015>
10    08:04:34.597546 mmap(NULL, 1830504, PROT_NONE, MAP_PRIVATE|MAP_ANONYMOUS, -1, 0) = 0xe5c7f3371000 <0.000014>
10    08:04:34.597578 mmap(0xe5c7f3380000, 1764968, PROT_READ|PROT_EXEC, MAP_PRIVATE|MAP_FIXED|MAP_DENYWRITE, 3, 0) = 0xe5c7f3380000 <0.000016>
10    08:04:34.597699 mmap(0xe5c7f351d000, 24576, PROT_READ|PROT_WRITE, MAP_PRIVATE|MAP_FIXED|MAP_DENYWRITE, 3, 0x18d000) = 0xe5c7f351d000 <0.000015>
10    08:04:34.597733 mmap(0xe5c7f3523000, 48744, PROT_READ|PROT_WRITE, MAP_PRIVATE|MAP_FIXED|MAP_ANONYMOUS, -1, 0) = 0xe5c7f3523000 <0.000016>
10    08:04:34.597801 mmap(NULL, 8192, PROT_READ|PROT_WRITE, MAP_PRIVATE|MAP_ANONYMOUS, -1, 0) = 0xe5c7f35ad000 <0.000014>
10    08:04:34.598168 openat(AT_FDCWD, "/dev/tty", O_RDWR|O_NONBLOCK) = -1 ENXIO (No such device or address) <0.000015>
10    08:04:34.598837 connect(3, {sa_family=AF_UNIX, sun_path="/var/run/nscd/socket"}, 110) = -1 ENOENT (No such file or directory) <0.000005>
10    08:04:34.598866 connect(3, {sa_family=AF_UNIX, sun_path="/var/run/nscd/socket"}, 110) = -1 ENOENT (No such file or directory) <0.000003>
10    08:04:34.598889 openat(AT_FDCWD, "/etc/nsswitch.conf", O_RDONLY|O_CLOEXEC) = 3 <0.000002>
10    08:04:34.598924 openat(AT_FDCWD, "/etc/passwd", O_RDONLY|O_CLOEXEC) = 3 <0.000002>
10    08:04:34.599018 openat(AT_FDCWD, "/var/log/syslog", O_WRONLY|O_CREAT|O_TRUNC, 0666) = 3 <0.000793>
10    08:04:34.599843 openat(AT_FDCWD, "/dev/null", O_WRONLY|O_CREAT|O_TRUNC, 0666) = 3 <0.000003>
10    08:04:34.599953 +++ exited with 0 +++
