10    08:04:33.257016 execve("/usr/bin/bash", ["bash", "-c", "python3 -c \"import ctypes; ctype"...], 0xffffde5c8790 /* 6 vars */) = 0 <0.000042>
10    08:04:33.257118 mmap(NULL, 8192, PROT_READ|PROT_WRITE, MAP_PRIVATE|MAP_ANONYMOUS, -1, 0) = 0xe1e4fcad2000 <0.000002>
10    08:04:33.257135 openat(AT_FDCWD, "/etc/ld.so.cache", O_RDONLY|O_CLOEXEC) = 3 <0.000003>
10    08:04:33.257153 mmap(NULL, 6888, PROT_READ, MAP_PRIVATE, 3, 0) = 0xe1e4fcad0000 <0.000002>
10    08:04:33.257166 openat(AT_FDCWD, "/lib/aarch64-linux-gnu/libtinfo.so.6", O_RDONLY|O_CLOEXEC) = 3 <0.000004>
10    08:04:33.257184 mmap(NULL, 325800, PROT_NONE, MAP_PRIVATE|MAP_ANONYMOUS, -1, 0) = 0xe1e4fca4d000 <0.000004>
10    08:04:33.257193 mmap(0xe1e4fca50000, 260264, PROT_READ|PROT_EXEC, MAP_PRIVATE|MAP_FIXED|MAP_DENYWRITE, 3, 0) = 0xe1e4fca50000 <0.000004>
10    08:04:33.257215 mmap(0xe1e4fca8b000, 20480, PROT_READ|PROT_WRITE, MAP_PRIVATE|MAP_FIXED|MAP_DENYWRITE, 3, 0x2b000) = 0xe1e4fca8b000 <0.000003>
10    08:04:33.257230 openat(AT_FDCWD, "/lib/aarch64-linux-gnu/libc.so.6", O_RDONLY|O_CLOEXEC) = 3 <0.000003>
10    08:04:33.257247 mmap(NULL, 1830504, PROT_NONE, MAP_PRIVATE|MAP_ANONYMOUS, -1, 0) = 0xe1e4fc891000 <0.000002>
10    08:04:33.257253 mmap(0xe1e4fc8a0000, 1764968, PROT_READ|PROT_EXEC, MAP_PRIVATE|MAP_FIXED|MAP_DENYWRITE, 3, 0) = 0xe1e4fc8a0000 <0.000004>
10    08:04:33.257274 mmap(0xe1e4fca3d000, 24576, PROT_READ|PROT_WRITE, MAP_PRIVATE|MAP_FIXED|MAP_DENYWRITE, 3, 0x18d000) = 0xe1e4fca3d000 <0.000003>
10    08:04:33.257283 mmap(0xe1e4fca43000, 48744, PROT_READ|PROT_WRITE, MAP_PRIVATE|MAP_FIXED|MAP_ANONYMOUS, -1, 0) = 0xe1e4fca43000 <0.000004>
10    08:04:33.257302 mmap(NULL, 8192, PROT_READ|PROT_WRITE, MAP_PRIVATE|MAP_ANONYMOUS, -1, 0) = 0xe1e4fcace000 <0.000002>
10    08:04:33.257418 openat(AT_FDCWD, "/dev/tty", O_RDWR|O_NONBLOCK) = -1 ENXIO (No such device or address) <0.000004>
10    08:04:33.257702 connect(3, {sa_family=AF_UNIX, sun_path="/var/run/nscd/socket"}, 110) = -1 ENOENT (No such file or directory) <0.000006>
10    08:04:33.257727 connect(3, {sa_family=AF_UNIX, sun_path="/var/run/nscd/socket"}, 110) = -1 ENOENT (No such file or directory) <0.000002>
10    08:04:33.257764 openat(AT_FDCWD, "/etc/nsswitch.conf", O_RDONLY|O_CLOEXEC) = 3 <0.000004>
10    08:04:33.257813 openat(AT_FDCWD, "/etc/passwd", O_RDONLY|O_CLOEXEC) = 3 <0.000003>
10    08:04:33.258060 clone(child_stack=NULL, flags=CLONE_CHILD_CLEARTID|CLONE_CHILD_SETTID|SIGCHLD, child_tidptr=0xe1e4fcace0f0) = 11 <0.000034>
11    08:04:33.258421 openat(AT_FDCWD, "/dev/null", O_WRONLY|O_CREAT|O_TRUNC, 0666) = 3 <0.000012>
11    08:04:33.258495 execve("/usr/bin/python3", ["python3", "-c", "import ctypes; ctypes.CDLL(None)"...], 0xb9affd4e4340 /* 6 vars */) = 0 <0.000091>
11    08:04:33.258638 mmap(NULL, 8192, PROT_READ|PROT_WRITE, MAP_PRIVATE|MAP_ANONYMOUS, -1, 0) = 0xe80053860000 <0.000002>
11    08:04:33.258657 openat(AT_FDCWD, "/etc/ld.so.cache", O_RDONLY|O_CLOEXEC) = 3 <0.000004>
11    08:04:33.258675 mmap(NULL, 6888, PROT_READ, MAP_PRIVATE, 3, 0) = 0xe8005385e000 <0.000002>
11    08:04:33.258691 openat(AT_FDCWD, "/lib/aarch64-linux-gnu/libm.so.6", O_RDONLY|O_CLOEXEC) = 3 <0.000008>
11    08:04:33.258717 mmap(NULL, 680048, PROT_NONE, MAP_PRIVATE|MAP_ANONYMOUS, -1, 0) = 0xe80053784000 <0.000003>
11    08:04:33.258725 mmap(0xe80053790000, 614512, PROT_READ|PROT_EXEC, MAP_PRIVATE|MAP_FIXED|MAP_DENYWRITE, 3, 0) = 0xe80053790000 <0.000005>
11    08:04:33.258748 mmap(0xe80053825000, 8192, PROT_READ|PROT_WRITE, MAP_PRIVATE|MAP_FIXED|MAP_DENYWRITE, 3, 0x85000) = 0xe80053825000 <0.000002>
11    08:04:33.258768 openat(AT_FDCWD, "/lib/aarch64-linux-gnu/libexpat.so.1", O_RDONLY|O_CLOEXEC) = 3 <0.000006>
11    08:04:33.258789 mmap(NULL, 299192, PROT_NONE, MAP_PRIVATE|MAP_ANONYMOUS, -1, 0) = 0xe80053746000 <0.000002>
11    08:04:33.258796 mmap(0xe80053750000, 233656, PROT_READ|PROT_EXEC, MAP_PRIVATE|MAP_FIXED|MAP_DENYWRITE, 3, 0) = 0xe80053750000 <0.000003>
11    08:04:33.258817 mmap(0xe80053787000, 12288, PROT_READ|PROT_WRITE, MAP_PRIVATE|MAP_FIXED|MAP_DENYWRITE, 3, 0x27000) = 0xe80053787000 <0.000027>
11    08:04:33.258872 openat(AT_FDCWD, "/lib/aarch64-linux-gnu/libz.so.1", O_RDONLY|O_CLOEXEC) = 3 <0.000010>
11    08:04:33.258900 mmap(NULL, 233648, PROT_NONE, MAP_PRIVATE|MAP_ANONYMOUS, -1, 0) = 0xe80053716000 <0.000003>
11    08:04:33.258909 mmap(0xe80053720000, 168112, PROT_READ|PROT_EXEC, MAP_PRIVATE|MAP_FIXED|MAP_DENYWRITE, 3, 0) = 0xe80053720000 <0.000004>
11    08:04:33.258931 mmap(0xe80053748000, 8192, PROT_READ|PROT_WRITE, MAP_PRIVATE|MAP_FIXED|MAP_DENYWRITE, 3, 0x18000) = 0xe80053748000 <0.000002>
11    08:04:33.258948 openat(AT_FDCWD, "/lib/aarch64-linux-gnu/libc.so.6", O_RDONLY|O_CLOEXEC) = 3 <0.000003>
11    08:04:33.258964 mmap(NULL, 1830504, PROT_NONE, MAP_PRIVATE|MAP_ANONYMOUS, -1, 0) = 0xe80053561000 <0.000002>
11    08:04:33.258971 mmap(0xe80053570000, 1764968, PROT_READ|PROT_EXEC, MAP_PRIVATE|MAP_FIXED|MAP_DENYWRITE, 3, 0) = 0xe80053570000 <0.000004>
11    08:04:33.258994 mmap(0xe8005370d000, 24576, PROT_READ|PROT_WRITE, MAP_PRIVATE|MAP_FIXED|MAP_DENYWRITE, 3, 0x18d000) = 0xe8005370d000 <0.000003>
11    08:04:33.259003 mmap(0xe80053713000, 48744, PROT_READ|PROT_WRITE, MAP_PRIVATE|MAP_FIXED|MAP_ANONYMOUS, -1, 0) = 0xe80053713000 <0.000004>
11    08:04:33.259024 mmap(NULL, 8192, PROT_READ|PROT_WRITE, MAP_PRIVATE|MAP_ANONYMOUS, -1, 0) = 0xe8005385c000 <0.000002>
11    08:04:33.259334 openat(AT_FDCWD, "/usr/lib/locale/locale-archive", O_RDONLY|O_CLOEXEC) = -1 ENOENT (No such file or directory) <0.000006>
11    08:04:33.259351 openat(AT_FDCWD, "/usr/share/locale/locale.alias", O_RDONLY|O_CLOEXEC) = -1 ENOENT (No such file or directory) <0.000007>
11    08:04:33.259365 openat(AT_FDCWD, "/usr/lib/locale/C.UTF-8/LC_CTYPE", O_RDONLY|O_CLOEXEC) = -1 ENOENT (No such file or directory) <0.000003>
11    08:04:33.259374 openat(AT_FDCWD, "/usr/lib/locale/C.utf8/LC_CTYPE", O_RDONLY|O_CLOEXEC) = 3 <0.000005>
11    08:04:33.259390 mmap(NULL, 353616, PROT_READ, MAP_PRIVATE, 3, 0) = 0xe80053519000 <0.000002>
11    08:04:33.259406 openat(AT_FDCWD, "/usr/lib/aarch64-linux-gnu/gconv/gconv-modules.cache", O_RDONLY) = 3 <0.000007>
11    08:04:33.259423 mmap(NULL, 27004, PROT_READ, MAP_SHARED, 3, 0) = 0xe80053512000 <0.000002>
11    08:04:33.259479 mmap(NULL, 1048576, PROT_READ|PROT_WRITE, MAP_PRIVATE|MAP_ANONYMOUS, -1, 0) = 0xe80053412000 <0.000002>
11    08:04:33.259486 mmap(NULL, 266240, PROT_READ|PROT_WRITE, MAP_PRIVATE|MAP_ANONYMOUS, -1, 0) = 0xe800533d1000 <0.000002>
11    08:04:33.259496 mmap(NULL, 135168, PROT_READ|PROT_WRITE, MAP_PRIVATE|MAP_ANONYMOUS, -1, 0) = 0xe800533b0000 <0.000002>
11    08:04:33.260202 openat(AT_FDCWD, "/usr/bin/pyvenv.cfg", O_RDONLY) = -1 ENOENT (No such file or directory) <0.000003>
11    08:04:33.260218 openat(AT_FDCWD, "/usr/pyvenv.cfg", O_RDONLY) = -1 ENOENT (No such file or directory) <0.000003>
11    08:04:33.260251 openat(AT_FDCWD, "/usr/bin/pybuilddir.txt", O_RDONLY) = -1 ENOENT (No such file or directory) <0.000003>
11    08:04:33.260495 mmap(NULL, 1048576, PROT_READ|PROT_WRITE, MAP_PRIVATE|MAP_ANONYMOUS, -1, 0) = 0xe800532b0000 <0.000002>
11    08:04:33.260727 openat(AT_FDCWD, "/etc/localtime", O_RDONLY|O_CLOEXEC) = -1 ENOENT (No such file or directory) <0.000002>
11    08:04:33.260834 openat(AT_FDCWD, "/usr/lib/python3.10", O_RDONLY|O_NONBLOCK|O_CLOEXEC|O_DIRECTORY) = 3 <0.000004>
11    08:04:33.260988 openat(AT_FDCWD, "/usr/lib/python3.10/encodings/__pycache__/__init__.cpython-310.pyc", O_RDONLY|O_CLOEXEC) = 3 <0.000012>
11    08:04:33.261112 openat(AT_FDCWD, "/usr/lib/python3.10/__pycache__/codecs.cpython-310.pyc", O_RDONLY|O_CLOEXEC) = 3 <0.000006>
11    08:04:33.261359 openat(AT_FDCWD, "/usr/lib/python3.10/encodings", O_RDONLY|O_NONBLOCK|O_CLOEXEC|O_DIRECTORY) = 3 <0.000002>
11    08:04:33.261450 openat(AT_FDCWD, "/usr/lib/python3.10/encodings/__pycache__/aliases.cpython-310.pyc", O_RDONLY|O_CLOEXEC) = 3 <0.000004>
11    08:04:33.261624 openat(AT_FDCWD, "/usr/lib/python3.10/encodings/__pycache__/utf_8.cpython-310.pyc", O_RDONLY|O_CLOEXEC) = 3 <0.000005>
11    08:04:33.261998 openat(AT_FDCWD, "/usr/lib/python3.10/__pycache__/io.cpython-310.pyc", O_RDONLY|O_CLOEXEC) = 3 <0.000004>
11    08:04:33.262089 openat(AT_FDCWD, "/usr/lib/python3.10/__pycache__/abc.cpython-310.pyc", O_RDONLY|O_CLOEXEC) = 3 <0.000004>
11    08:04:33.262360 openat(AT_FDCWD, "/usr/lib/python3.10/__pycache__/site.cpython-310.pyc", O_RDONLY|O_CLOEXEC) = 3 <0.000004>
11    08:04:33.262489 openat(AT_FDCWD, "/usr/lib/python3.10/__pycache__/os.cpython-310.pyc", O_RDONLY|O_CLOEXEC) = 3 <0.000004>
11    08:04:33.262638 mmap(NULL, 151552, PROT_READ|PROT_WRITE, MAP_PRIVATE|MAP_ANONYMOUS, -1, 0) = 0xe8005328b000 <0.000002>
11    08:04:33.262721 openat(AT_FDCWD, "/usr/lib/python3.10/__pycache__/stat.cpython-310.pyc", O_RDONLY|O_CLOEXEC) = 3 <0.000005>
11    08:04:33.262835 openat(AT_FDCWD, "/usr/lib/python3.10/__pycache__/_collections_abc.cpython-310.pyc", O_RDONLY|O_CLOEXEC) = 3 <0.000010>
11    08:04:33.263265 openat(AT_FDCWD, "/usr/lib/python3.10/__pycache__/posixpath.cpython-310.pyc", O_RDONLY|O_CLOEXEC) = 3 <0.000004>
11    08:04:33.263372 openat(AT_FDCWD, "/usr/lib/python3.10/__pycache__/genericpath.cpython-310.pyc", O_RDONLY|O_CLOEXEC) = 3 <0.000004>
11    08:04:33.263543 openat(AT_FDCWD, "/usr/lib/python3.10/__pycache__/_sitebuiltins.cpython-310.pyc", O_RDONLY|O_CLOEXEC) = 3 <0.000010>
11    08:04:33.263720 openat(AT_FDCWD, "/usr/local/lib/python3.10/dist-packages", O_RDONLY|O_NONBLOCK|O_CLOEXEC|O_DIRECTORY) = 3 <0.000003>
11    08:04:33.263761 openat(AT_FDCWD, "/usr/lib/python3/dist-packages", O_RDONLY|O_NONBLOCK|O_CLOEXEC|O_DIRECTORY) = 3 <0.000002>
11    08:04:33.263840 openat(AT_FDCWD, "/usr/lib/python3.10/__pycache__/sitecustomize.cpython-310.pyc", O_RDONLY|O_CLOEXEC) = 3 <0.000008>
11    08:04:33.263924 openat(AT_FDCWD, "/usr/lib/python3.10/lib-dynload", O_RDONLY|O_NONBLOCK|O_CLOEXEC|O_DIRECTORY) = 3 <0.000002>
11    08:04:33.263985 openat(AT_FDCWD, "/usr/local/lib/python3.10/dist-packages", O_RDONLY|O_NONBLOCK|O_CLOEXEC|O_DIRECTORY) = 3 <0.000002>
11    08:04:33.264030 openat(AT_FDCWD, "/usr/lib/python3/dist-packages", O_RDONLY|O_NONBLOCK|O_CLOEXEC|O_DIRECTORY) = 3 <0.000002>
11    08:04:33.264170 openat(AT_FDCWD, "/", O_RDONLY|O_NONBLOCK|O_CLOEXEC|O_DIRECTORY) = 3 <0.000002>
11    08:04:33.264619 openat(AT_FDCWD, "/usr/lib/python3.10/ctypes/__pycache__/__init__.cpython-310.pyc", O_RDONLY|O_CLOEXEC) = 3 <0.000149>
11    08:04:33.265214 openat(AT_FDCWD, "/usr/lib/python3.10/__pycache__/types.cpython-310.pyc", O_RDONLY|O_CLOEXEC) = 3 <0.000005>
11    08:04:33.265387 openat(AT_FDCWD, "/usr/lib/python3.10/lib-dynload/_ctypes.cpython-310-aarch64-linux-gnu.so", O_RDONLY|O_CLOEXEC) = 3 <0.000003>
11    08:04:33.265670 mmap(NULL, 260648, PROT_NONE, MAP_PRIVATE|MAP_ANONYMOUS, -1, 0) = 0xe8005324b000 <0.000006>
11    08:04:33.265686 mmap(0xe80053250000, 195112, PROT_READ|PROT_EXEC, MAP_PRIVATE|MAP_FIXED|MAP_DENYWRITE, 3, 0) = 0xe80053250000 <0.000006>
11    08:04:33.265716 mmap(0xe8005327b000, 20480, PROT_READ|PROT_WRITE, MAP_PRIVATE|MAP_FIXED|MAP_DENYWRITE, 3, 0x1b000) = 0xe8005327b000 <0.000004>
11    08:04:33.265912 openat(AT_FDCWD, "/etc/ld.so.cache", O_RDONLY|O_CLOEXEC) = 3 <0.000003>
11    08:04:33.265927 mmap(NULL, 6888, PROT_READ, MAP_PRIVATE, 3, 0) = 0xe8005385e000 <0.000002>
11    08:04:33.265941 openat(AT_FDCWD, "/lib/aarch64-linux-gnu/libffi.so.8", O_RDONLY|O_CLOEXEC) = 3 <0.000015>
11    08:04:33.266119 mmap(NULL, 169464, PROT_NONE, MAP_PRIVATE|MAP_ANONYMOUS, -1, 0) = 0xe80053226000 <0.000002>
11    08:04:33.266127 mmap(0xe80053230000, 103928, PROT_READ|PROT_EXEC, MAP_PRIVATE|MAP_FIXED|MAP_DENYWRITE, 3, 0) = 0xe80053230000 <0.000004>
11    08:04:33.266148 mmap(0xe80053248000, 8192, PROT_READ|PROT_WRITE, MAP_PRIVATE|MAP_FIXED|MAP_DENYWRITE, 3, 0x8000) = 0xe80053248000 <0.000002>
11    08:04:33.266574 openat(AT_FDCWD, "/usr/lib/python3.10/__pycache__/struct.cpython-310.pyc", O_RDONLY|O_CLOEXEC) = 3 <0.000014>
11    08:04:33.266991 openat(AT_FDCWD, "/usr/lib/python3.10/ctypes", O_RDONLY|O_NONBLOCK|O_CLOEXEC|O_DIRECTORY) = 3 <0.000003>
11    08:04:33.267179 openat(AT_FDCWD, "/usr/lib/python3.10/ctypes/__pycache__/_endian.cpython-310.pyc", O_RDONLY|O_CLOEXEC) = 3 <0.000006>
11    08:04:33.267465 ptrace(PTRACE_ATTACH, 1) = -1 EPERM (Operation not permitted) <0.000018>
11    08:04:33.268631 +++ exited with 0 +++
10    08:04:33.268666 --- SIGCHLD {si_signo=SIGCHLD, si_code=CLD_EXITED, si_pid=11, si_uid=0, si_status=0, si_utime=0, si_stime=0} ---
10    08:04:33.268738 +++ exited with 0 +++
