[
addpart
apt
apt-cache
apt-cdrom
apt-config
apt-get
apt-key
apt-mark
arch
awk
b2sum
base32
base64
basename
basenc
bash
bashbug
c_rehash
captoinfo
11    08:04:29.695897 execve("/usr/bin/ls", ["ls", "/usr/bin"], 0xffffd1af50b8 /* 6 vars */) = 0 <0.000705>
11    08:04:29.696711 mmap(NULL, 8192, PROT_READ|PROT_WRITE, MAP_PRIVATE|MAP_ANONYMOUS, -1, 0) = 0xfaa119afb000 <0.000022>
11    08:04:29.696828 openat(AT_FDCWD, "/etc/ld.so.cache", O_RDONLY|O_CLOEXEC) = 3 <0.000017>
11    08:04:29.696906 mmap(NULL, 6888, PROT_READ, MAP_PRIVATE, 3, 0) = 0xfaa119af9000 <0.000016>
11    08:04:29.696975 openat(AT_FDCWD, "/lib/aarch64-linux-gnu/libselinux.so.1", O_RDONLY|O_CLOEXEC) = 3 <0.000037>
11    08:04:29.697253 mmap(NULL, 300400, PROT_NONE, MAP_PRIVATE|MAP_ANONYMOUS, -1, 0) = 0xfaa119a7c000 <0.000017>
11    08:04:29.697291 mmap(0xfaa119a80000, 234864, PROT_READ|PROT_EXEC, MAP_PRIVATE|MAP_FIXED|MAP_DENYWRITE, 3, 0) = 0xfaa119a80000 <0.000018>
11    08:04:29.697417 mmap(0xfaa119ab6000, 8192, PROT_READ|PROT_WRITE, MAP_PRIVATE|MAP_FIXED|MAP_DENYWRITE, 3, 0x26000) = 0xfaa119ab6000 <0.000016>
11    08:04:29.697685 mmap(0xfaa119ab8000, 5488, PROT_READ|PROT_WRITE, MAP_PRIVATE|MAP_FIXED|MAP_ANONYMOUS, -1, 0) = 0xfaa119ab8000 <0.000017>
11    08:04:29.697941 openat(AT_FDCWD, "/lib/aarch64-linux-gnu/libc.so.6", O_RDONLY|O_CLOEXEC) = 3 <0.000017>
11    08:04:29.698038 mmap(NULL, 1830504, PROT_NONE, MAP_PRIVATE|MAP_ANONYMOUS, -1, 0) = 0xfaa1198c1000 <0.000015>
11    08:04:29.698070 mmap(0xfaa1198d0000, 1764968, PROT_READ|PROT_EXEC, MAP_PRIVATE|MAP_FIXED|MAP_DENYWRITE, 3, 0) = 0xfaa1198d0000 <0.000017>
11    08:04:29.698194 mmap(0xfaa119a6d000, 24576, PROT_READ|PROT_WRITE, MAP_PRIVATE|MAP_FIXED|MAP_DENYWRITE, 3, 0x18d000) = 0xfaa119a6d000 <0.000015>
11    08:04:29.698229 mmap(0xfaa119a73000, 48744, PROT_READ|PROT_WRITE, MAP_PRIVATE|MAP_FIXED|MAP_ANONYMOUS, -1, 0) = 0xfaa119a73000 <0.000015>
11    08:04:29.698294 openat(AT_FDCWD, "/lib/aarch64-linux-gnu/libpcre2-8.so.0", O_RDONLY|O_CLOEXEC) = 3 <0.000029>
11    08:04:29.698595 mmap(NULL, 660088, PROT_NONE, MAP_PRIVATE|MAP_ANONYMOUS, -1, 0) = 0xfaa11982e000 <0.000047>
11    08:04:29.698674 mmap(0xfaa119830000, 594552, PROT_READ|PROT_EXEC, MAP_PRIVATE|MAP_FIXED|MAP_DENYWRITE, 3, 0) = 0xfaa119830000 <0.000017>
11    08:04:29.698796 mmap(0xfaa1198c0000, 8192, PROT_READ|PROT_WRITE, MAP_PRIVATE|MAP_FIXED|MAP_DENYWRITE, 3, 0x80000) = 0xfaa1198c0000 <0.000015>
11    08:04:29.699114 mmap(NULL, 12288, PROT_READ|PROT_WRITE, MAP_PRIVATE|MAP_ANONYMOUS, -1, 0) = 0xfaa119af6000 <0.000016>
11    08:04:29.699687 openat(AT_FDCWD, "/proc/filesystems", O_RDONLY|O_CLOEXEC) = 3 <0.000020>
11    08:04:29.700220 openat(AT_FDCWD, "/usr/bin", O_RDONLY|O_NONBLOCK|O_CLOEXEC|O_DIRECTORY) = 3 <0.000016>
11    08:04:29.700825 +++ exited with 0 +++
