PRETTY_NAME="Ubuntu 22.04.5 LTS"
NAME="Ubuntu"
VERSION_ID="22.04"
VERSION="22.04.5 LTS (Jammy Jellyfish)"
VERSION_CODENAME=jammy
ID=ubuntu
ID_LIKE=debian
HOME_URL="https://www.ubuntu.com/"
SUPPORT_URL="https://help.ubuntu.com/"
BUG_REPORT_URL="https://bugs.launchpad.net/ubuntu/"
PRIVACY_POLICY_URL="https://www.ubuntu.com/legal/terms-and-policies/privacy-policy"
UBUNTU_CODENAME=jammy
10    08:04:30.154804 execve("/usr/bin/cat", ["cat", "/etc/os-release"], 0xfffff1035188 /* 6 vars */) = 0 <0.000068>
10    08:04:30.154961 mmap(NULL, 8192, PROT_READ|PROT_WRITE, MAP_PRIVATE|MAP_ANONYMOUS, -1, 0) = 0xf0a047923000 <0.000014>
10    08:04:30.155027 openat(AT_FDCWD, "/etc/ld.so.cache", O_RDONLY|O_CLOEXEC) = 3 <0.000015>
10    08:04:30.155094 mmap(NULL, 6888, PROT_READ, MAP_PRIVATE, 3, 0) = 0xf0a047921000 <0.000014>
10    08:04:30.155156 openat(AT_FDCWD, "/lib/aarch64-linux-gnu/libc.so.6", O_RDONLY|O_CLOEXEC) = 3 <0.000015>
10    08:04:30.155249 mmap(NULL, 1830504, PROT_NONE, MAP_PRIVATE|MAP_ANONYMOUS, -1, 0) = 0xf0a04772f000 <0.000016>
10    08:04:30.155282 mmap(0xf0a047730000, 1764968, PROT_READ|PROT_EXEC, MAP_PRIVATE|MAP_FIXED|MAP_DENYWRITE, 3, 0) = 0xf0a047730000 <0.000018>
10    08:04:30.155404 mmap(0xf0a0478cd000, 24576, PROT_READ|PROT_WRITE, MAP_PRIVATE|MAP_FIXED|MAP_DENYWRITE, 3, 0x18d000) = 0xf0a0478cd000 <0.000015>
10    08:04:30.155437 mmap(0xf0a0478d3000, 48744, PROT_READ|PROT_WRITE, MAP_PRIVATE|MAP_FIXED|MAP_ANONYMOUS, -1, 0) = 0xf0a0478d3000 <0.000015>
10    08:04:30.155886 openat(AT_FDCWD, "/etc/os-release", O_RDONLY) = 3 <0.000031>
10    08:04:30.155999 mmap(NULL, 139264, PROT_READ|PROT_WRITE, MAP_PRIVATE|MAP_ANONYMOUS, -1, 0) = 0xf0a04770e000 <0.000015>
10    08:04:30.156450 +++ exited with 0 +++
