{"key": "val"}
10    08:04:29.838188 execve("/usr/bin/python3", ["python3", "-c", "import json; print(json.dumps({\""...], 0xffffcd673a40 /* 6 vars */) = 0 <0.001629>
10    08:04:29.840131 mmap(NULL, 8192, PROT_READ|PROT_WRITE, MAP_PRIVATE|MAP_ANONYMOUS, -1, 0) = 0xfa69b8c17000 <0.000015>
10    08:04:29.840405 openat(AT_FDCWD, "/etc/ld.so.cache", O_RDONLY|O_CLOEXEC) = 3 <0.000023>
10    08:04:29.840492 mmap(NULL, 6888, PROT_READ, MAP_PRIVATE, 3, 0) = 0xfa69b8c15000 <0.000015>
10    08:04:29.840565 openat(AT_FDCWD, "/lib/aarch64-linux-gnu/libm.so.6", O_RDONLY|O_CLOEXEC) = 3 <0.000022>
10    08:04:29.840887 mmap(NULL, 680048, PROT_NONE, MAP_PRIVATE|MAP_ANONYMOUS, -1, 0) = 0xfa69b8b3b000 <0.000015>
10    08:04:29.840923 mmap(0xfa69b8b40000, 614512, PROT_READ|PROT_EXEC, MAP_PRIVATE|MAP_FIXED|MAP_DENYWRITE, 3, 0) = 0xfa69b8b40000 <0.000016>
10    08:04:29.841039 mmap(0xfa69b8bd5000, 8192, PROT_READ|PROT_WRITE, MAP_PRIVATE|MAP_FIXED|MAP_DENYWRITE, 3, 0x85000) = 0xfa69b8bd5000 <0.000014>
10    08:04:29.841489 openat(AT_FDCWD, "/lib/aarch64-linux-gnu/libexpat.so.1", O_RDONLY|O_CLOEXEC) = 3 <0.000021>
10    08:04:29.841713 mmap(NULL, 299192, PROT_NONE, MAP_PRIVATE|MAP_ANONYMOUS, -1, 0) = 0xfa69b8af6000 <0.000014>
10    08:04:29.841746 mmap(0xfa69b8b00000, 233656, PROT_READ|PROT_EXEC, MAP_PRIVATE|MAP_FIXED|MAP_DENYWRITE, 3, 0) = 0xfa69b8b00000 <0.000016>
10    08:04:29.841868 mmap(0xfa69b8b37000, 12288, PROT_READ|PROT_WRITE, MAP_PRIVATE|MAP_FIXED|MAP_DENYWRITE, 3, 0x27000) = 0xfa69b8b37000 <0.000015>
10    08:04:29.842148 openat(AT_FDCWD, "/lib/aarch64-linux-gnu/libz.so.1", O_RDONLY|O_CLOEXEC) = 3 <0.000322>
10    08:04:29.842704 mmap(NULL, 233648, PROT_NONE, MAP_PRIVATE|MAP_ANONYMOUS, -1, 0) = 0xfa69b8ac6000 <0.000043>
10    08:04:29.842778 mmap(0xfa69b8ad0000, 168112, PROT_READ|PROT_EXEC, MAP_PRIVATE|MAP_FIXED|MAP_DENYWRITE, 3, 0) = 0xfa69b8ad0000 <0.000058>
10    08:04:29.843026 mmap(0xfa69b8af8000, 8192, PROT_READ|PROT_WRITE, MAP_PRIVATE|MAP_FIXED|MAP_DENYWRITE, 3, 0x18000) = 0xfa69b8af8000 <0.000016>
10    08:04:29.843354 openat(AT_FDCWD, "/lib/aarch64-linux-gnu/libc.so.6", O_RDONLY|O_CLOEXEC) = 3 <0.000023>
10    08:04:29.843477 mmap(NULL, 1830504, PROT_NONE, MAP_PRIVATE|MAP_ANONYMOUS, -1, 0) = 0xfa69b8911000 <0.000015>
10    08:04:29.843512 mmap(0xfa69b8920000, 1764968, PROT_READ|PROT_EXEC, MAP_PRIVATE|MAP_FIXED|MAP_DENYWRITE, 3, 0) = 0xfa69b8920000 <0.000018>
10    08:04:29.843643 mmap(0xfa69b8abd000, 24576, PROT_READ|PROT_WRITE, MAP_PRIVATE|MAP_FIXED|MAP_DENYWRITE, 3, 0x18d000) = 0xfa69b8abd000 <0.000015>
10    08:04:29.843680 mmap(0xfa69b8ac3000, 48744, PROT_READ|PROT_WRITE, MAP_PRIVATE|MAP_FIXED|MAP_ANONYMOUS, -1, 0) = 0xfa69b8ac3000 <0.000017>
10    08:04:29.843776 mmap(NULL, 8192, PROT_READ|PROT_WRITE, MAP_PRIVATE|MAP_ANONYMOUS, -1, 0) = 0xfa69b8c13000 <0.000017>
10    08:04:29.846408 openat(AT_FDCWD, "/usr/lib/locale/locale-archive", O_RDONLY|O_CLOEXEC) = -1 ENOENT (No such file or directory) <0.000213>
10    08:04:29.846670 openat(AT_FDCWD, "/usr/share/locale/locale.alias", O_RDONLY|O_CLOEXEC) = -1 ENOENT (No such file or directory) <0.000774>
10    08:04:29.847469 openat(AT_FDCWD, "/usr/lib/locale/C.UTF-8/LC_CTYPE", O_RDONLY|O_CLOEXEC) = -1 ENOENT (No such file or directory) <0.000017>
10    08:04:29.847506 openat(AT_FDCWD, "/usr/lib/locale/C.utf8/LC_CTYPE", O_RDONLY|O_CLOEXEC) = 3 <0.000163>
10    08:04:29.847721 mmap(NULL, 353616, PROT_READ, MAP_PRIVATE, 3, 0) = 0xfa69b88c9000 <0.000016>
10    08:04:29.848111 openat(AT_FDCWD, "/usr/lib/aarch64-linux-gnu/gconv/gconv-modules.cache", O_RDONLY) = 3 <0.000163>
10    08:04:29.848321 mmap(NULL, 27004, PROT_READ, MAP_SHARED, 3, 0) = 0xfa69b8bdb000 <0.000014>
10    08:04:29.848637 mmap(NULL, 1048576, PROT_READ|PROT_WRITE, MAP_PRIVATE|MAP_ANONYMOUS, -1, 0) = 0xfa69b87c9000 <0.000016>
10    08:04:29.848673 mmap(NULL, 266240, PROT_READ|PROT_WRITE, MAP_PRIVATE|MAP_ANONYMOUS, -1, 0) = 0xfa69b8788000 <0.000020>
10    08:04:29.848723 mmap(NULL, 135168, PROT_READ|PROT_WRITE, MAP_PRIVATE|MAP_ANONYMOUS, -1, 0) = 0xfa69b8767000 <0.000014>
10    08:04:29.850808 openat(AT_FDCWD, "/usr/bin/pyvenv.cfg", O_RDONLY) = -1 ENOENT (No such file or directory) <0.000029>
10    08:04:29.850881 openat(AT_FDCWD, "/usr/pyvenv.cfg", O_RDONLY) = -1 ENOENT (No such file or directory) <0.000019>
10    08:04:29.851240 openat(AT_FDCWD, "/usr/bin/pybuilddir.txt", O_RDONLY) = -1 ENOENT (No such file or directory) <0.000017>
10    08:04:29.851967 mmap(NULL, 1048576, PROT_READ|PROT_WRITE, MAP_PRIVATE|MAP_ANONYMOUS, -1, 0) = 0xfa69b8667000 <0.000023>
10    08:04:29.852254 openat(AT_FDCWD, "/etc/localtime", O_RDONLY|O_CLOEXEC) = -1 ENOENT (No such file or directory) <0.000015>
10    08:04:29.852577 openat(AT_FDCWD, "/usr/lib/python3.10", O_RDONLY|O_NONBLOCK|O_CLOEXEC|O_DIRECTORY) = 3 <0.000025>
10    08:04:29.853100 openat(AT_FDCWD, "/usr/lib/python3.10/encodings/__pycache__/__init__.cpython-310.pyc", O_RDONLY|O_CLOEXEC) = 3 <0.000161>
10    08:04:29.853927 openat(AT_FDCWD, "/usr/lib/python3.10/__pycache__/codecs.cpython-310.pyc", O_RDONLY|O_CLOEXEC) = 3 <0.000139>
10    08:04:29.854738 openat(AT_FDCWD, "/usr/lib/python3.10/encodings", O_RDONLY|O_NONBLOCK|O_CLOEXEC|O_DIRECTORY) = 3 <0.000015>
10    08:04:29.854989 openat(AT_FDCWD, "/usr/lib/python3.10/encodings/__pycache__/aliases.cpython-310.pyc", O_RDONLY|O_CLOEXEC) = 3 <0.000025>
10    08:04:29.855489 openat(AT_FDCWD, "/usr/lib/python3.10/encodings/__pycache__/utf_8.cpython-310.pyc", O_RDONLY|O_CLOEXEC) = 3 <0.000054>
10    08:04:29.858380 openat(AT_FDCWD, "/usr/lib/python3.10/__pycache__/io.cpython-310.pyc", O_RDONLY|O_CLOEXEC) = 3 <0.000023>
10    08:04:29.859034 openat(AT_FDCWD, "/usr/lib/python3.10/__pycache__/abc.cpython-310.pyc", O_RDONLY|O_CLOEXEC) = 3 <0.000059>
10    08:04:29.860444 openat(AT_FDCWD, "/usr/lib/python3.10/__pycache__/site.cpython-310.pyc", O_RDONLY|O_CLOEXEC) = 3 <0.000029>
10    08:04:29.861289 openat(AT_FDCWD, "/usr/lib/python3.10/__pycache__/os.cpython-310.pyc", O_RDONLY|O_CLOEXEC) = 3 <0.000028>
10    08:04:29.861907 mmap(NULL, 151552, PROT_READ|PROT_WRITE, MAP_PRIVATE|MAP_ANONYMOUS, -1, 0) = 0xfa69b8642000 <0.000021>
10    08:04:29.862130 openat(AT_FDCWD, "/usr/lib/python3.10/__pycache__/stat.cpython-310.pyc", O_RDONLY|O_CLOEXEC) = 3 <0.000035>
10    08:04:29.862912 openat(AT_FDCWD, "/usr/lib/python3.10/__pycache__/_collections_abc.cpython-310.pyc", O_RDONLY|O_CLOEXEC) = 3 <0.000035>
10    08:04:29.864249 openat(AT_FDCWD, "/usr/lib/python3.10/__pycache__/posixpath.cpython-310.pyc", O_RDONLY|O_CLOEXEC) = 3 <0.000030>
10    08:04:29.864943 openat(AT_FDCWD, "/usr/lib/python3.10/__pycache__/genericpath.cpython-310.pyc", O_RDONLY|O_CLOEXEC) = 3 <0.000028>
10    08:04:29.865722 openat(AT_FDCWD, "/usr/lib/python3.10/__pycache__/_sitebuiltins.cpython-310.pyc", O_RDONLY|O_CLOEXEC) = 3 <0.000029>
10    08:04:29.866971 openat(AT_FDCWD, "/usr/local/lib/python3.10/dist-packages", O_RDONLY|O_NONBLOCK|O_CLOEXEC|O_DIRECTORY) = 3 <0.000025>
10    08:04:29.867284 openat(AT_FDCWD, "/usr/lib/python3/dist-packages", O_RDONLY|O_NONBLOCK|O_CLOEXEC|O_DIRECTORY) = 3 <0.000024>
10    08:04:29.867917 openat(AT_FDCWD, "/usr/lib/python3.10/__pycache__/sitecustomize.cpython-310.pyc", O_RDONLY|O_CLOEXEC) = 3 <0.000031>
10    08:04:29.868474 openat(AT_FDCWD, "/usr/lib/python3.10/lib-dynload", O_RDONLY|O_NONBLOCK|O_CLOEXEC|O_DIRECTORY) = 3 <0.000024>
10    08:04:29.868991 openat(AT_FDCWD, "/usr/local/lib/python3.10/dist-packages", O_RDONLY|O_NONBLOCK|O_CLOEXEC|O_DIRECTORY) = 3 <0.000024>
10    08:04:29.869527 openat(AT_FDCWD, "/usr/lib/python3/dist-packages", O_RDONLY|O_NONBLOCK|O_CLOEXEC|O_DIRECTORY) = 3 <0.000021>
10    08:04:29.870234 openat(AT_FDCWD, "/", O_RDONLY|O_NONBLOCK|O_CLOEXEC|O_DIRECTORY) = 3 <0.000030>
10    08:04:29.870994 openat(AT_FDCWD, "/usr/lib/python3.10/json/__pycache__/__init__.cpython-310.pyc", O_RDONLY|O_CLOEXEC) = 3 <0.000069>
10    08:04:29.871730 openat(AT_FDCWD, "/usr/lib/python3.10/json", O_RDONLY|O_NONBLOCK|O_CLOEXEC|O_DIRECTORY) = 3 <0.000026>
10    08:04:29.872034 openat(AT_FDCWD, "/usr/lib/python3.10/json/__pycache__/decoder.cpython-310.pyc", O_RDONLY|O_CLOEXEC) = 3 <0.000029>
10    08:04:29.872879 openat(AT_FDCWD, "/usr/lib/python3.10/__pycache__/re.cpython-310.pyc", O_RDONLY|O_CLOEXEC) = 3 <0.000030>
10    08:04:29.873699 openat(AT_FDCWD, "/usr/lib/python3.10/__pycache__/enum.cpython-310.pyc", O_RDONLY|O_CLOEXEC) = 3 <0.000030>
10    08:04:29.874544 openat(AT_FDCWD, "/usr/lib/python3.10/__pycache__/types.cpython-310.pyc", O_RDONLY|O_CLOEXEC) = 3 <0.000027>
10    08:04:29.875567 openat(AT_FDCWD, "/usr/lib/python3.10/__pycache__/sre_compile.cpython-310.pyc", O_RDONLY|O_CLOEXEC) = 3 <0.000030>
10    08:04:29.876515 openat(AT_FDCWD, "/usr/lib/python3.10/__pycache__/sre_parse.cpython-310.pyc", O_RDONLY|O_CLOEXEC) = 3 <0.000030>
10    08:04:29.877394 openat(AT_FDCWD, "/usr/lib/python3.10/__pycache__/sre_constants.cpython-310.pyc", O_RDONLY|O_CLOEXEC) = 3 <0.000029>
10    08:04:29.878171 openat(AT_FDCWD, "/usr/lib/python3.10/__pycache__/functools.cpython-310.pyc", O_RDONLY|O_CLOEXEC) = 3 <0.000027>
10    08:04:29.879629 openat(AT_FDCWD, "/usr/lib/python3.10/collections/__pycache__/__init__.cpython-310.pyc", O_RDONLY|O_CLOEXEC) = 3 <0.000058>
10    08:04:29.880360 mmap(NULL, 1048576, PROT_READ|PROT_WRITE, MAP_PRIVATE|MAP_ANONYMOUS, -1, 0) = 0xfa69b8542000 <0.000021>
10    08:04:29.880677 openat(AT_FDCWD, "/usr/lib/python3.10/__pycache__/keyword.cpython-310.pyc", O_RDONLY|O_CLOEXEC) = 3 <0.000027>
10    08:04:29.881439 openat(AT_FDCWD, "/usr/lib/python3.10/__pycache__/operator.cpython-310.pyc", O_RDONLY|O_CLOEXEC) = 3 <0.000034>
10    08:04:29.882339 openat(AT_FDCWD, "/usr/lib/python3.10/__pycache__/reprlib.cpython-310.pyc", O_RDONLY|O_CLOEXEC) = 3 <0.000027>
10    08:04:29.883452 openat(AT_FDCWD, "/usr/lib/python3.10/__pycache__/copyreg.cpython-310.pyc", O_RDONLY|O_CLOEXEC) = 3 <0.000030>
10    08:04:29.884350 openat(AT_FDCWD, "/usr/lib/python3.10/json/__pycache__/scanner.cpython-310.pyc", O_RDONLY|O_CLOEXEC) = 3 <0.000027>
10    08:04:29.885206 openat(AT_FDCWD, "/usr/lib/python3.10/lib-dynload/_json.cpython-310-aarch64-linux-gnu.so", O_RDONLY|O_CLOEXEC) = 3 <0.000025>
10    08:04:29.885560 mmap(NULL, 170016, PROT_NONE, MAP_PRIVATE|MAP_ANONYMOUS, -1, 0) = 0xfa69b8518000 <0.000021>
10    08:04:29.885610 mmap(0xfa69b8520000, 104480, PROT_READ|PROT_EXEC, MAP_PRIVATE|MAP_FIXED|MAP_DENYWRITE, 3, 0) = 0xfa69b8520000 <0.000028>
10    08:04:29.885773 mmap(0xfa69b8538000, 8192, PROT_READ|PROT_WRITE, MAP_PRIVATE|MAP_FIXED|MAP_DENYWRITE, 3, 0x8000) = 0xfa69b8538000 <0.000020>
10    08:04:29.886679 openat(AT_FDCWD, "/usr/lib/python3.10/json/__pycache__/encoder.cpython-310.pyc", O_RDONLY|O_CLOEXEC) = 3 <0.000030>
10    08:04:29.889368 +++ exited with 0 +++
