/usr/lib/aarch64-linux-gnu/libmemusage.so
/usr/lib/aarch64-linux-gnu/libpcprofile.so
/usr/lib/aarch64-linux-gnu/libdb-5.3.so
11    08:04:30.028239 execve("/usr/bin/find", ["find", "/usr/lib", "-name", "*.so", "-maxdepth", "2"], 0xfffff33db1f8 /* 6 vars */) = 0 <0.000490>
11    08:04:30.028827 mmap(NULL, 8192, PROT_READ|PROT_WRITE, MAP_PRIVATE|MAP_ANONYMOUS, -1, 0) = 0xf52f401b8000 <0.000015>
11    08:04:30.028909 openat(AT_FDCWD, "/etc/ld.so.cache", O_RDONLY|O_CLOEXEC) = 3 <0.000017>
11    08:04:30.028982 mmap(NULL, 6888, PROT_READ, MAP_PRIVATE, 3, 0) = 0xf52f401b6000 <0.000015>
11    08:04:30.029045 openat(AT_FDCWD, "/lib/aarch64-linux-gnu/libselinux.so.1", O_RDONLY|O_CLOEXEC) = 3 <0.000020>
11    08:04:30.029150 mmap(NULL, 300400, PROT_NONE, MAP_PRIVATE|MAP_ANONYMOUS, -1, 0) = 0xf52f40139000 <0.000015>
11    08:04:30.029183 mmap(0xf52f40140000, 234864, PROT_READ|PROT_EXEC, MAP_PRIVATE|MAP_FIXED|MAP_DENYWRITE, 3, 0) = 0xf52f40140000 <0.000017>
11    08:04:30.029309 mmap(0xf52f40176000, 8192, PROT_READ|PROT_WRITE, MAP_PRIVATE|MAP_FIXED|MAP_DENYWRITE, 3, 0x26000) = 0xf52f40176000 <0.000015>
11    08:04:30.029344 mmap(0xf52f40178000, 5488, PROT_READ|PROT_WRITE, MAP_PRIVATE|MAP_FIXED|MAP_ANONYMOUS, -1, 0) = 0xf52f40178000 <0.000016>
11    08:04:30.029412 openat(AT_FDCWD, "/lib/aarch64-linux-gnu/libc.so.6", O_RDONLY|O_CLOEXEC) = 3 <0.000016>
11    08:04:30.029505 mmap(NULL, 1830504, PROT_NONE, MAP_PRIVATE|MAP_ANONYMOUS, -1, 0) = 0xf52f3ff81000 <0.000015>
11    08:04:30.029537 mmap(0xf52f3ff90000, 1764968, PROT_READ|PROT_EXEC, MAP_PRIVATE|MAP_FIXED|MAP_DENYWRITE, 3, 0) = 0xf52f3ff90000 <0.000017>
11    08:04:30.029654 mmap(0xf52f4012d000, 24576, PROT_READ|PROT_WRITE, MAP_PRIVATE|MAP_FIXED|MAP_DENYWRITE, 3, 0x18d000) = 0xf52f4012d000 <0.000003>
11    08:04:30.029669 mmap(0xf52f40133000, 48744, PROT_READ|PROT_WRITE, MAP_PRIVATE|MAP_FIXED|MAP_ANONYMOUS, -1, 0) = 0xf52f40133000 <0.000003>
11    08:04:30.029687 openat(AT_FDCWD, "/lib/aarch64-linux-gnu/libpcre2-8.so.0", O_RDONLY|O_CLOEXEC) = 3 <0.000006>
11    08:04:30.029711 mmap(NULL, 660088, PROT_NONE, MAP_PRIVATE|MAP_ANONYMOUS, -1, 0) = 0xf52f3feee000 <0.000002>
11    08:04:30.029718 mmap(0xf52f3fef0000, 594552, PROT_READ|PROT_EXEC, MAP_PRIVATE|MAP_FIXED|MAP_DENYWRITE, 3, 0) = 0xf52f3fef0000 <0.000003>
11    08:04:30.029755 mmap(0xf52f3ff80000, 8192, PROT_READ|PROT_WRITE, MAP_PRIVATE|MAP_FIXED|MAP_DENYWRITE, 3, 0x80000) = 0xf52f3ff80000 <0.000004>
11    08:04:30.029786 mmap(NULL, 12288, PROT_READ|PROT_WRITE, MAP_PRIVATE|MAP_ANONYMOUS, -1, 0) = 0xf52f401b3000 <0.000003>
11    08:04:30.030025 openat(AT_FDCWD, "/proc/filesystems", O_RDONLY|O_CLOEXEC) = 3 <0.000006>
11    08:04:30.030082 openat(AT_FDCWD, ".", O_RDONLY|O_CLOEXEC) = 3 <0.000003>
11    08:04:30.030233 openat(AT_FDCWD, "/usr/lib", O_RDONLY|O_NOCTTY|O_NONBLOCK|O_NOFOLLOW|O_CLOEXEC|O_DIRECTORY) = 4 <0.000003>
11    08:04:30.030302 openat(5, "udev", O_RDONLY|O_NOCTTY|O_NONBLOCK|O_NOFOLLOW|O_CLOEXEC|O_DIRECTORY) = 6 <0.000002>
11    08:04:30.030518 openat(5, "locale", O_RDONLY|O_NOCTTY|O_NONBLOCK|O_NOFOLLOW|O_CLOEXEC|O_DIRECTORY) = 6 <0.000003>
11    08:04:30.030662 openat(5, "lsb", O_RDONLY|O_NOCTTY|O_NONBLOCK|O_NOFOLLOW|O_CLOEXEC|O_DIRECTORY) = 6 <0.000002>
11    08:04:30.030791 openat(5, "sysctl.d", O_RDONLY|O_NOCTTY|O_NONBLOCK|O_NOFOLLOW|O_CLOEXEC|O_DIRECTORY) = 6 <0.000003>
11    08:04:30.031052 openat(5, "apt", O_RDONLY|O_NOCTTY|O_NONBLOCK|O_NOFOLLOW|O_CLOEXEC|O_DIRECTORY) = 6 <0.000002>
11    08:04:30.031289 openat(5, "terminfo", O_RDONLY|O_NOCTTY|O_NONBLOCK|O_NOFOLLOW|O_CLOEXEC|O_DIRECTORY) = 6 <0.000002>
11    08:04:30.031675 openat(5, "mime", O_RDONLY|O_NOCTTY|O_NONBLOCK|O_NOFOLLOW|O_CLOEXEC|O_DIRECTORY) = 6 <0.000002>
11    08:04:30.031770 openat(5, "aarch64-linux-gnu", O_RDONLY|O_NOCTTY|O_NONBLOCK|O_NOFOLLOW|O_CLOEXEC|O_DIRECTORY) = 6 <0.000002>
11    08:04:30.032063 openat(5, "dpkg", O_RDONLY|O_NOCTTY|O_NONBLOCK|O_NOFOLLOW|O_CLOEXEC|O_DIRECTORY) = 6 <0.000002>
11    08:04:30.032338 openat(5, "tmpfiles.d", O_RDONLY|O_NOCTTY|O_NONBLOCK|O_NOFOLLOW|O_CLOEXEC|O_DIRECTORY) = 6 <0.000002>
11    08:04:30.032441 openat(5, "usrmerge", O_RDONLY|O_NOCTTY|O_NONBLOCK|O_NOFOLLOW|O_CLOEXEC|O_DIRECTORY) = 6 <0.000003>
11    08:04:30.032550 openat(5, "init", O_RDONLY|O_NOCTTY|O_NONBLOCK|O_NOFOLLOW|O_CLOEXEC|O_DIRECTORY) = 6 <0.000002>
11    08:04:30.032648 openat(5, "systemd", O_RDONLY|O_NOCTTY|O_NONBLOCK|O_NOFOLLOW|O_CLOEXEC|O_DIRECTORY) = 6 <0.000002>
11    08:04:30.032742 openat(5, "python3", O_RDONLY|O_NOCTTY|O_NONBLOCK|O_NOFOLLOW|O_CLOEXEC|O_DIRECTORY) = 6 <0.000002>
11    08:04:30.032818 openat(5, "binfmt.d", O_RDONLY|O_NOCTTY|O_NONBLOCK|O_NOFOLLOW|O_CLOEXEC|O_DIRECTORY) = 6 <0.000002>
11    08:04:30.032902 openat(5, "ssl", O_RDONLY|O_NOCTTY|O_NONBLOCK|O_NOFOLLOW|O_CLOEXEC|O_DIRECTORY) = 6 <0.000002>
11    08:04:30.033009 openat(5, "sasl2", O_RDONLY|O_NOCTTY|O_NONBLOCK|O_NOFOLLOW|O_CLOEXEC|O_DIRECTORY) = 6 <0.000002>
11    08:04:30.033228 openat(5, "python3.10", O_RDONLY|O_NOCTTY|O_NONBLOCK|O_NOFOLLOW|O_CLOEXEC|O_DIRECTORY) = 6 <0.000002>
11    08:04:30.033754 openat(5, "valgrind", O_RDONLY|O_NOCTTY|O_NONBLOCK|O_NOFOLLOW|O_CLOEXEC|O_DIRECTORY) = 6 <0.000002>
11    08:04:30.033997 +++ exited with 0 +++
