10    04:23:00.581020 execve("/usr/bin/bash", ["bash", "-c", "python3 -c \"import ctypes; ctype"...], 0xffffe2cc44c0 /* 6 vars */) = 0 <0.000065>
10    04:23:00.581172 mmap(NULL, 8192, PROT_READ|PROT_WRITE, MAP_PRIVATE|MAP_ANONYMOUS, -1, 0) = 0xfdb685dd7000 <0.000015>
10    04:23:00.581239 openat(AT_FDCWD, "/etc/ld.so.cache", O_RDONLY|O_CLOEXEC) = 3 <0.000015>
10    04:23:00.581307 mmap(NULL, 6888, PROT_READ, MAP_PRIVATE, 3, 0) = 0xfdb685dd5000 <0.000014>
10    04:23:00.581369 openat(AT_FDCWD, "/lib/aarch64-linux-gnu/libtinfo.so.6", O_RDONLY|O_CLOEXEC) = 3 <0.000016>
10    04:23:00.581461 mmap(NULL, 325800, PROT_NONE, MAP_PRIVATE|MAP_ANONYMOUS, -1, 0) = 0xfdb685d52000 <0.000015>
10    04:23:00.581495 mmap(0xfdb685d60000, 260264, PROT_READ|PROT_EXEC, MAP_PRIVATE|MAP_FIXED|MAP_DENYWRITE, 3, 0) = 0xfdb685d60000 <0.000017>
10    04:23:00.581569 mmap(0xfdb685d9b000, 20480, PROT_READ|PROT_WRITE, MAP_PRIVATE|MAP_FIXED|MAP_DENYWRITE, 3, 0x2b000) = 0xfdb685d9b000 <0.000003>
10    04:23:00.581590 openat(AT_FDCWD, "/lib/aarch64-linux-gnu/libc.so.6", O_RDONLY|O_CLOEXEC) = 3 <0.000003>
10    04:23:00.581609 mmap(NULL, 1830504, PROT_NONE, MAP_PRIVATE|MAP_ANONYMOUS, -1, 0) = 0xfdb685ba1000 <0.000002>
10    04:23:00.581616 mmap(0xfdb685bb0000, 1764968, PROT_READ|PROT_EXEC, MAP_PRIVATE|MAP_FIXED|MAP_DENYWRITE, 3, 0) = 0xfdb685bb0000 <0.000004>
10    04:23:00.581638 mmap(0xfdb685d4d000, 24576, PROT_READ|PROT_WRITE, MAP_PRIVATE|MAP_FIXED|MAP_DENYWRITE, 3, 0x18d000) = 0xfdb685d4d000 <0.000002>
10    04:23:00.581646 mmap(0xfdb685d53000, 48744, PROT_READ|PROT_WRITE, MAP_PRIVATE|MAP_FIXED|MAP_ANONYMOUS, -1, 0) = 0xfdb685d53000 <0.000003>
10    04:23:00.581665 mmap(NULL, 8192, PROT_READ|PROT_WRITE, MAP_PRIVATE|MAP_ANONYMOUS, -1, 0) = 0xfdb685dd3000 <0.000002>
10    04:23:00.581775 openat(AT_FDCWD, "/dev/tty", O_RDWR|O_NONBLOCK) = -1 ENXIO (No such device or address) <0.000003>
10    04:23:00.582027 connect(3, {sa_family=AF_UNIX, sun_path="/var/run/nscd/socket"}, 110) = -1 ENOENT (No such file or directory) <0.000004>
10    04:23:00.582047 connect(3, {sa_family=AF_UNIX, sun_path="/var/run/nscd/socket"}, 110) = -1 ENOENT (No such file or directory) <0.000002>
10    04:23:00.582067 openat(AT_FDCWD, "/etc/nsswitch.conf", O_RDONLY|O_CLOEXEC) = 3 <0.000002>
10    04:23:00.582099 openat(AT_FDCWD, "/etc/passwd", O_RDONLY|O_CLOEXEC) = 3 <0.000002>
10    04:23:00.582304 clone(child_stack=NULL, flags=CLONE_CHILD_CLEARTID|CLONE_CHILD_SETTID|SIGCHLD, child_tidptr=0xfdb685dd30f0) = 11 <0.000022>
11    04:23:00.582661 openat(AT_FDCWD, "/dev/null", O_WRONLY|O_CREAT|O_TRUNC, 0666) = 3 <0.000017>
11    04:23:00.582761 execve("/usr/bin/python3", ["python3", "-c", "import ctypes; ctypes.CDLL(None)"...], 0xca462b46d340 /* 6 vars */) = 0 <0.000072>
11    04:23:00.582894 mmap(NULL, 8192, PROT_READ|PROT_WRITE, MAP_PRIVATE|MAP_ANONYMOUS, -1, 0) = 0xf0b80dd57000 <0.000015>
11    04:23:00.582957 openat(AT_FDCWD, "/etc/ld.so.cache", O_RDONLY|O_CLOEXEC) = 3 <0.000015>
11    04:23:00.583020 mmap(NULL, 6888, PROT_READ, MAP_PRIVATE, 3, 0) = 0xf0b80dd55000 <0.000015>
11    04:23:00.583081 openat(AT_FDCWD, "/lib/aarch64-linux-gnu/libm.so.6", O_RDONLY|O_CLOEXEC) = 3 <0.000017>
11    04:23:00.583175 mmap(NULL, 680048, PROT_NONE, MAP_PRIVATE|MAP_ANONYMOUS, -1, 0) = 0xf0b80dc7b000 <0.000015>
11    04:23:00.583207 mmap(0xf0b80dc80000, 614512, PROT_READ|PROT_EXEC, MAP_PRIVATE|MAP_FIXED|MAP_DENYWRITE, 3, 0) = 0xf0b80dc80000 <0.000017>
11    04:23:00.583328 mmap(0xf0b80dd15000, 8192, PROT_READ|PROT_WRITE, MAP_PRIVATE|MAP_FIXED|MAP_DENYWRITE, 3, 0x85000) = 0xf0b80dd15000 <0.000015>
11    04:23:00.583394 openat(AT_FDCWD, "/lib/aarch64-linux-gnu/libexpat.so.1", O_RDONLY|O_CLOEXEC) = 3 <0.000018>
11    04:23:00.583488 mmap(NULL, 299192, PROT_NONE, MAP_PRIVATE|MAP_ANONYMOUS, -1, 0) = 0xf0b80dc36000 <0.000014>
11    04:23:00.583519 mmap(0xf0b80dc40000, 233656, PROT_READ|PROT_EXEC, MAP_PRIVATE|MAP_FIXED|MAP_DENYWRITE, 3, 0) = 0xf0b80dc40000 <0.000016>
11    04:23:00.583667 mmap(0xf0b80dc77000, 12288, PROT_READ|PROT_WRITE, MAP_PRIVATE|MAP_FIXED|MAP_DENYWRITE, 3, 0x27000) = 0xf0b80dc77000 <0.000018>
11    04:23:00.583748 openat(AT_FDCWD, "/lib/aarch64-linux-gnu/libz.so.1", O_RDONLY|O_CLOEXEC) = 3 <0.000019>
11    04:23:00.583864 mmap(NULL, 233648, PROT_NONE, MAP_PRIVATE|MAP_ANONYMOUS, -1, 0) = 0xf0b80dc06000 <0.000020>
11    04:23:00.583909 mmap(0xf0b80dc10000, 168112, PROT_READ|PROT_EXEC, MAP_PRIVATE|MAP_FIXED|MAP_DENYWRITE, 3, 0) = 0xf0b80dc10000 <0.000034>
11    04:23:00.584111 mmap(0xf0b80dc38000, 8192, PROT_READ|PROT_WRITE, MAP_PRIVATE|MAP_FIXED|MAP_DENYWRITE, 3, 0x18000) = 0xf0b80dc38000 <0.000023>
11    04:23:00.584206 openat(AT_FDCWD, "/lib/aarch64-linux-gnu/libc.so.6", O_RDONLY|O_CLOEXEC) = 3 <0.000020>
11    04:23:00.584316 mmap(NULL, 1830504, PROT_NONE, MAP_PRIVATE|MAP_ANONYMOUS, -1, 0) = 0xf0b80da51000 <0.000015>
11    04:23:00.584350 mmap(0xf0b80da60000, 1764968, PROT_READ|PROT_EXEC, MAP_PRIVATE|MAP_FIXED|MAP_DENYWRITE, 3, 0) = 0xf0b80da60000 <0.000016>
11    04:23:00.584471 mmap(0xf0b80dbfd000, 24576, PROT_READ|PROT_WRITE, MAP_PRIVATE|MAP_FIXED|MAP_DENYWRITE, 3, 0x18d000) = 0xf0b80dbfd000 <0.000015>
11    04:23:00.584506 mmap(0xf0b80dc03000, 48744, PROT_READ|PROT_WRITE, MAP_PRIVATE|MAP_FIXED|MAP_ANONYMOUS, -1, 0) = 0xf0b80dc03000 <0.000016>
11    04:23:00.584584 mmap(NULL, 8192, PROT_READ|PROT_WRITE, MAP_PRIVATE|MAP_ANONYMOUS, -1, 0) = 0xf0b80dd53000 <0.000015>
11    04:23:00.585202 openat(AT_FDCWD, "/usr/lib/locale/locale-archive", O_RDONLY|O_CLOEXEC) = -1 ENOENT (No such file or directory) <0.000019>
11    04:23:00.585241 openat(AT_FDCWD, "/usr/share/locale/locale.alias", O_RDONLY|O_CLOEXEC) = -1 ENOENT (No such file or directory) <0.000018>
11    04:23:00.585279 openat(AT_FDCWD, "/usr/lib/locale/C.UTF-8/LC_CTYPE", O_RDONLY|O_CLOEXEC) = -1 ENOENT (No such file or directory) <0.000015>
11    04:23:00.585314 openat(AT_FDCWD, "/usr/lib/locale/C.utf8/LC_CTYPE", O_RDONLY|O_CLOEXEC) = 3 <0.000023>
11    04:23:00.585384 mmap(NULL, 353616, PROT_READ, MAP_PRIVATE, 3, 0) = 0xf0b80da09000 <0.000015>
11    04:23:00.585450 openat(AT_FDCWD, "/usr/lib/aarch64-linux-gnu/gconv/gconv-modules.cache", O_RDONLY) = 3 <0.000018>
11    04:23:00.585516 mmap(NULL, 27004, PROT_READ, MAP_SHARED, 3, 0) = 0xf0b80dd1b000 <0.000014>
11    04:23:00.585674 mmap(NULL, 1048576, PROT_READ|PROT_WRITE, MAP_PRIVATE|MAP_ANONYMOUS, -1, 0) = 0xf0b80d909000 <0.000014>
11    04:23:00.585707 mmap(NULL, 266240, PROT_READ|PROT_WRITE, MAP_PRIVATE|MAP_ANONYMOUS, -1, 0) = 0xf0b80d8c8000 <0.000014>
11    04:23:00.585740 mmap(NULL, 135168, PROT_READ|PROT_WRITE, MAP_PRIVATE|MAP_ANONYMOUS, -1, 0) = 0xf0b80d8a7000 <0.000015>
11    04:23:00.586540 openat(AT_FDCWD, "/usr/bin/pyvenv.cfg", O_RDONLY) = -1 ENOENT (No such file or directory) <0.000023>
11    04:23:00.586583 openat(AT_FDCWD, "/usr/pyvenv.cfg", O_RDONLY) = -1 ENOENT (No such file or directory) <0.000015>
11    04:23:00.586738 openat(AT_FDCWD, "/usr/bin/pybuilddir.txt", O_RDONLY) = -1 ENOENT (No such file or directory) <0.000015>
11    04:23:00.587044 mmap(NULL, 1048576, PROT_READ|PROT_WRITE, MAP_PRIVATE|MAP_ANONYMOUS, -1, 0) = 0xf0b80d7a7000 <0.000014>
11    04:23:00.587301 openat(AT_FDCWD, "/etc/localtime", O_RDONLY|O_CLOEXEC) = -1 ENOENT (No such file or directory) <0.000014>
11    04:23:00.587582 openat(AT_FDCWD, "/usr/lib/python3.10", O_RDONLY|O_NONBLOCK|O_CLOEXEC|O_DIRECTORY) = 3 <0.000014>
11    04:23:00.587950 openat(AT_FDCWD, "/usr/lib/python3.10/encodings/__pycache__/__init__.cpython-310.pyc", O_RDONLY|O_CLOEXEC) = 3 <0.000016>
11    04:23:00.588349 openat(AT_FDCWD, "/usr/lib/python3.10/__pycache__/codecs.cpython-310.pyc", O_RDONLY|O_CLOEXEC) = 3 <0.000016>
11    04:23:00.588865 openat(AT_FDCWD, "/usr/lib/python3.10/encodings", O_RDONLY|O_NONBLOCK|O_CLOEXEC|O_DIRECTORY) = 3 <0.000014>
11    04:23:00.589113 openat(AT_FDCWD, "/usr/lib/python3.10/encodings/__pycache__/aliases.cpython-310.pyc", O_RDONLY|O_CLOEXEC) = 3 <0.000015>
11    04:23:00.589537 openat(AT_FDCWD, "/usr/lib/python3.10/encodings/__pycache__/utf_8.cpython-310.pyc", O_RDONLY|O_CLOEXEC) = 3 <0.000027>
11    04:23:00.591762 openat(AT_FDCWD, "/usr/lib/python3.10/__pycache__/io.cpython-310.pyc", O_RDONLY|O_CLOEXEC) = 3 <0.000016>
11    04:23:00.592130 openat(AT_FDCWD, "/usr/lib/python3.10/__pycache__/abc.cpython-310.pyc", O_RDONLY|O_CLOEXEC) = 3 <0.000016>
11    04:23:00.593129 openat(AT_FDCWD, "/usr/lib/python3.10/__pycache__/site.cpython-310.pyc", O_RDONLY|O_CLOEXEC) = 3 <0.000016>
11    04:23:00.593623 openat(AT_FDCWD, "/usr/lib/python3.10/__pycache__/os.cpython-310.pyc", O_RDONLY|O_CLOEXEC) = 3 <0.000016>
11    04:23:00.593955 mmap(NULL, 151552, PROT_READ|PROT_WRITE, MAP_PRIVATE|MAP_ANONYMOUS, -1, 0) = 0xf0b80d782000 <0.000014>
11    04:23:00.594147 openat(AT_FDCWD, "/usr/lib/python3.10/__pycache__/stat.cpython-310.pyc", O_RDONLY|O_CLOEXEC) = 3 <0.000032>
11    04:23:00.594727 openat(AT_FDCWD, "/usr/lib/python3.10/__pycache__/_collections_abc.cpython-310.pyc", O_RDONLY|O_CLOEXEC) = 3 <0.000031>
11    04:23:00.595524 openat(AT_FDCWD, "/usr/lib/python3.10/__pycache__/posixpath.cpython-310.pyc", O_RDONLY|O_CLOEXEC) = 3 <0.000033>
11    04:23:00.596073 openat(AT_FDCWD, "/usr/lib/python3.10/__pycache__/genericpath.cpython-310.pyc", O_RDONLY|O_CLOEXEC) = 3 <0.000025>
11    04:23:00.596652 openat(AT_FDCWD, "/usr/lib/python3.10/__pycache__/_sitebuiltins.cpython-310.pyc", O_RDONLY|O_CLOEXEC) = 3 <0.000027>
11    04:23:00.597344 openat(AT_FDCWD, "/usr/local/lib/python3.10/dist-packages", O_RDONLY|O_NONBLOCK|O_CLOEXEC|O_DIRECTORY) = 3 <0.000019>
11    04:23:00.597583 openat(AT_FDCWD, "/usr/lib/python3/dist-packages", O_RDONLY|O_NONBLOCK|O_CLOEXEC|O_DIRECTORY) = 3 <0.000020>
11    04:23:00.597957 openat(AT_FDCWD, "/usr/lib/python3.10/__pycache__/sitecustomize.cpython-310.pyc", O_RDONLY|O_CLOEXEC) = 3 <0.000020>
11    04:23:00.598433 openat(AT_FDCWD, "/usr/lib/python3.10/lib-dynload", O_RDONLY|O_NONBLOCK|O_CLOEXEC|O_DIRECTORY) = 3 <0.000021>
11    04:23:00.598755 openat(AT_FDCWD, "/usr/local/lib/python3.10/dist-packages", O_RDONLY|O_NONBLOCK|O_CLOEXEC|O_DIRECTORY) = 3 <0.000024>
11    04:23:00.599091 openat(AT_FDCWD, "/usr/lib/python3/dist-packages", O_RDONLY|O_NONBLOCK|O_CLOEXEC|O_DIRECTORY) = 3 <0.000022>
11    04:23:00.599634 openat(AT_FDCWD, "/", O_RDONLY|O_NONBLOCK|O_CLOEXEC|O_DIRECTORY) = 3 <0.000024>
11    04:23:00.600116 openat(AT_FDCWD, "/usr/lib/python3.10/ctypes/__pycache__/__init__.cpython-310.pyc", O_RDONLY|O_CLOEXEC) = 3 <0.000027>
11    04:23:00.600833 openat(AT_FDCWD, "/usr/lib/python3.10/__pycache__/types.cpython-310.pyc", O_RDONLY|O_CLOEXEC) = 3 <0.000032>
11    04:23:00.601530 openat(AT_FDCWD, "/usr/lib/python3.10/lib-dynload/_ctypes.cpython-310-aarch64-linux-gnu.so", O_RDONLY|O_CLOEXEC) = 3 <0.000035>
11    04:23:00.601669 mmap(NULL, 260648, PROT_NONE, MAP_PRIVATE|MAP_ANONYMOUS, -1, 0) = 0xf0b80d742000 <0.000025>
11    04:23:00.601724 mmap(0xf0b80d750000, 195112, PROT_READ|PROT_EXEC, MAP_PRIVATE|MAP_FIXED|MAP_DENYWRITE, 3, 0) = 0xf0b80d750000 <0.000029>
11    04:23:00.601888 mmap(0xf0b80d77b000, 20480, PROT_READ|PROT_WRITE, MAP_PRIVATE|MAP_FIXED|MAP_DENYWRITE, 3, 0x1b000) = 0xf0b80d77b000 <0.000020>
11    04:23:00.601976 openat(AT_FDCWD, "/etc/ld.so.cache", O_RDONLY|O_CLOEXEC) = 3 <0.000027>
11    04:23:00.602065 mmap(NULL, 6888, PROT_READ, MAP_PRIVATE, 3, 0) = 0xf0b80dd55000 <0.000019>
11    04:23:00.602148 openat(AT_FDCWD, "/lib/aarch64-linux-gnu/libffi.so.8", O_RDONLY|O_CLOEXEC) = 3 <0.000028>
11    04:23:00.602269 mmap(NULL, 169464, PROT_NONE, MAP_PRIVATE|MAP_ANONYMOUS, -1, 0) = 0xf0b80d726000 <0.000018>
11    04:23:00.602309 mmap(0xf0b80d730000, 103928, PROT_READ|PROT_EXEC, MAP_PRIVATE|MAP_FIXED|MAP_DENYWRITE, 3, 0) = 0xf0b80d730000 <0.000020>
11    04:23:00.602448 mmap(0xf0b80d748000, 8192, PROT_READ|PROT_WRITE, MAP_PRIVATE|MAP_FIXED|MAP_DENYWRITE, 3, 0x8000) = 0xf0b80d748000 <0.000018>
11    04:23:00.602922 openat(AT_FDCWD, "/usr/lib/python3.10/__pycache__/struct.cpython-310.pyc", O_RDONLY|O_CLOEXEC) = 3 <0.000021>
11    04:23:00.603632 openat(AT_FDCWD, "/usr/lib/python3.10/ctypes", O_RDONLY|O_NONBLOCK|O_CLOEXEC|O_DIRECTORY) = 3 <0.000024>
11    04:23:00.604007 openat(AT_FDCWD, "/usr/lib/python3.10/ctypes/__pycache__/_endian.cpython-310.pyc", O_RDONLY|O_CLOEXEC) = 3 <0.000028>
11    04:23:00.604457 ptrace(PTRACE_ATTACH, 1) = -1 EPERM (Operation not permitted) <0.000037>
11    04:23:00.605522 +++ exited with 0 +++
10    04:23:00.605556 --- SIGCHLD {si_signo=SIGCHLD, si_code=CLD_EXITED, si_pid=11, si_uid=0, si_status=0, si_utime=0, si_stime=0} ---
10    04:23:00.605620 +++ exited with 0 +++
