10    04:23:01.873416 execve("/usr/bin/bash", ["bash", "-c", "echo \"\" > /var/log/syslog 2>/dev"...], 0xffffd3fe9900 /* 6 vars */) = 0 <0.000064>
10    04:23:01.873568 mmap(NULL, 8192, PROT_READ|PROT_WRITE, MAP_PRIVATE|MAP_ANONYMOUS, -1, 0) = 0xea198e35b000 <0.000015>
10    04:23:01.873635 openat(AT_FDCWD, "/etc/ld.so.cache", O_RDONLY|O_CLOEXEC) = 3 <0.000015>
10    04:23:01.873703 mmap(NULL, 6888, PROT_READ, MAP_PRIVATE, 3, 0) = 0xea198e359000 <0.000015>
10    04:23:01.873767 openat(AT_FDCWD, "/lib/aarch64-linux-gnu/libtinfo.so.6", O_RDONLY|O_CLOEXEC) = 3 <0.000016>
10    04:23:01.873856 mmap(NULL, 325800, PROT_NONE, MAP_PRIVATE|MAP_ANONYMOUS, -1, 0) = 0xea198e2d6000 <0.000014>
10    04:23:01.873887 mmap(0xea198e2e0000, 260264, PROT_READ|PROT_EXEC, MAP_PRIVATE|MAP_FIXED|MAP_DENYWRITE, 3, 0) = 0xea198e2e0000 <0.000015>
10    04:23:01.874001 mmap(0xea198e31b000, 20480, PROT_READ|PROT_WRITE, MAP_PRIVATE|MAP_FIXED|MAP_DENYWRITE, 3, 0x2b000) = 0xea198e31b000 <0.000020>
10    04:23:01.874069 openat(AT_FDCWD, "/lib/aarch64-linux-gnu/libc.so.6", O_RDONLY|O_CLOEXEC) = 3 <0.000014>
10    04:23:01.874155 mmap(NULL, 1830504, PROT_NONE, MAP_PRIVATE|MAP_ANONYMOUS, -1, 0) = 0xea198e121000 <0.000013>
10    04:23:01.874185 mmap(0xea198e130000, 1764968, PROT_READ|PROT_EXEC, MAP_PRIVATE|MAP_FIXED|MAP_DENYWRITE, 3, 0) = 0xea198e130000 <0.000015>
10    04:23:01.874297 mmap(0xea198e2cd000, 24576, PROT_READ|PROT_WRITE, MAP_PRIVATE|MAP_FIXED|MAP_DENYWRITE, 3, 0x18d000) = 0xea198e2cd000 <0.000014>
10    04:23:01.874329 mmap(0xea198e2d3000, 48744, PROT_READ|PROT_WRITE, MAP_PRIVATE|MAP_FIXED|MAP_ANONYMOUS, -1, 0) = 0xea198e2d3000 <0.000014>
10    04:23:01.874393 mmap(NULL, 8192, PROT_READ|PROT_WRITE, MAP_PRIVATE|MAP_ANONYMOUS, -1, 0) = 0xea198e357000 <0.000013>
10    04:23:01.874735 openat(AT_FDCWD, "/dev/tty", O_RDWR|O_NONBLOCK) = -1 ENXIO (No such device or address) <0.000015>
10    04:23:01.876450 connect(3, {sa_family=AF_UNIX, sun_path="/var/run/nscd/socket"}, 110) = -1 ENOENT (No such file or directory) <0.000015>
10    04:23:01.876540 connect(3, {sa_family=AF_UNIX, sun_path="/var/run/nscd/socket"}, 110) = -1 ENOENT (No such file or directory) <0.000020>
10    04:23:01.876663 openat(AT_FDCWD, "/etc/nsswitch.conf", O_RDONLY|O_CLOEXEC) = 3 <0.000014>
10    04:23:01.876836 openat(AT_FDCWD, "/etc/passwd", O_RDONLY|O_CLOEXEC) = 3 <0.000014>
10    04:23:01.877325 openat(AT_FDCWD, "/var/log/syslog", O_WRONLY|O_CREAT|O_TRUNC, 0666) = 3 <0.000404>
10    04:23:01.877932 openat(AT_FDCWD, "/dev/null", O_WRONLY|O_CREAT|O_TRUNC, 0666) = 3 <0.000016>
10    04:23:01.879265 clone(child_stack=NULL, flags=CLONE_CHILD_CLEARTID|CLONE_CHILD_SETTID|SIGCHLD, child_tidptr=0xea198e3570f0) = 11 <0.000029>
11    04:23:01.879609 openat(AT_FDCWD, "/dev/null", O_WRONLY|O_CREAT|O_TRUNC, 0666) = 3 <0.000015>
11    04:23:01.879704 execve("/usr/bin/python3", ["python3", "-c", "open(/var/log/auth.log, w).write"...], 0xc965e7ee84a0 /* 6 vars */) = 0 <0.000059>
11    04:23:01.879823 mmap(NULL, 8192, PROT_READ|PROT_WRITE, MAP_PRIVATE|MAP_ANONYMOUS, -1, 0) = 0xf2b2921c2000 <0.000014>
11    04:23:01.879886 openat(AT_FDCWD, "/etc/ld.so.cache", O_RDONLY|O_CLOEXEC) = 3 <0.000015>
11    04:23:01.879948 mmap(NULL, 6888, PROT_READ, MAP_PRIVATE, 3, 0) = 0xf2b2921c0000 <0.000014>
11    04:23:01.880008 openat(AT_FDCWD, "/lib/aarch64-linux-gnu/libm.so.6", O_RDONLY|O_CLOEXEC) = 3 <0.000016>
11    04:23:01.880100 mmap(NULL, 680048, PROT_NONE, MAP_PRIVATE|MAP_ANONYMOUS, -1, 0) = 0xf2b2920e6000 <0.000015>
11    04:23:01.880132 mmap(0xf2b2920f0000, 614512, PROT_READ|PROT_EXEC, MAP_PRIVATE|MAP_FIXED|MAP_DENYWRITE, 3, 0) = 0xf2b2920f0000 <0.000015>
11    04:23:01.880248 mmap(0xf2b292185000, 8192, PROT_READ|PROT_WRITE, MAP_PRIVATE|MAP_FIXED|MAP_DENYWRITE, 3, 0x85000) = 0xf2b292185000 <0.000014>
11    04:23:01.880312 openat(AT_FDCWD, "/lib/aarch64-linux-gnu/libexpat.so.1", O_RDONLY|O_CLOEXEC) = 3 <0.000016>
11    04:23:01.880407 mmap(NULL, 299192, PROT_NONE, MAP_PRIVATE|MAP_ANONYMOUS, -1, 0) = 0xf2b2920a6000 <0.000014>
11    04:23:01.880439 mmap(0xf2b2920b0000, 233656, PROT_READ|PROT_EXEC, MAP_PRIVATE|MAP_FIXED|MAP_DENYWRITE, 3, 0) = 0xf2b2920b0000 <0.000017>
11    04:23:01.880559 mmap(0xf2b2920e7000, 12288, PROT_READ|PROT_WRITE, MAP_PRIVATE|MAP_FIXED|MAP_DENYWRITE, 3, 0x27000) = 0xf2b2920e7000 <0.000011>
11    04:23:01.880623 openat(AT_FDCWD, "/lib/aarch64-linux-gnu/libz.so.1", O_RDONLY|O_CLOEXEC) = 3 <0.000017>
11    04:23:01.880715 mmap(NULL, 233648, PROT_NONE, MAP_PRIVATE|MAP_ANONYMOUS, -1, 0) = 0xf2b292076000 <0.000014>
11    04:23:01.880746 mmap(0xf2b292080000, 168112, PROT_READ|PROT_EXEC, MAP_PRIVATE|MAP_FIXED|MAP_DENYWRITE, 3, 0) = 0xf2b292080000 <0.000015>
11    04:23:01.880863 mmap(0xf2b2920a8000, 8192, PROT_READ|PROT_WRITE, MAP_PRIVATE|MAP_FIXED|MAP_DENYWRITE, 3, 0x18000) = 0xf2b2920a8000 <0.000014>
11    04:23:01.880926 openat(AT_FDCWD, "/lib/aarch64-linux-gnu/libc.so.6", O_RDONLY|O_CLOEXEC) = 3 <0.000015>
11    04:23:01.881017 mmap(NULL, 1830504, PROT_NONE, MAP_PRIVATE|MAP_ANONYMOUS, -1, 0) = 0xf2b291ec1000 <0.000014>
11    04:23:01.881048 mmap(0xf2b291ed0000, 1764968, PROT_READ|PROT_EXEC, MAP_PRIVATE|MAP_FIXED|MAP_DENYWRITE, 3, 0) = 0xf2b291ed0000 <0.000015>
11    04:23:01.881164 mmap(0xf2b29206d000, 24576, PROT_READ|PROT_WRITE, MAP_PRIVATE|MAP_FIXED|MAP_DENYWRITE, 3, 0x18d000) = 0xf2b29206d000 <0.000014>
11    04:23:01.881196 mmap(0xf2b292073000, 48744, PROT_READ|PROT_WRITE, MAP_PRIVATE|MAP_FIXED|MAP_ANONYMOUS, -1, 0) = 0xf2b292073000 <0.000015>
11    04:23:01.881263 mmap(NULL, 8192, PROT_READ|PROT_WRITE, MAP_PRIVATE|MAP_ANONYMOUS, -1, 0) = 0xf2b2921be000 <0.000014>
11    04:23:01.881840 openat(AT_FDCWD, "/usr/lib/locale/locale-archive", O_RDONLY|O_CLOEXEC) = -1 ENOENT (No such file or directory) <0.000017>
11    04:23:01.881877 openat(AT_FDCWD, "/usr/share/locale/locale.alias", O_RDONLY|O_CLOEXEC) = -1 ENOENT (No such file or directory) <0.000018>
11    04:23:01.881914 openat(AT_FDCWD, "/usr/lib/locale/C.UTF-8/LC_CTYPE", O_RDONLY|O_CLOEXEC) = -1 ENOENT (No such file or directory) <0.000015>
11    04:23:01.881947 openat(AT_FDCWD, "/usr/lib/locale/C.utf8/LC_CTYPE", O_RDONLY|O_CLOEXEC) = 3 <0.000017>
11    04:23:01.882010 mmap(NULL, 353616, PROT_READ, MAP_PRIVATE, 3, 0) = 0xf2b291e79000 <0.000014>
11    04:23:01.882073 openat(AT_FDCWD, "/usr/lib/aarch64-linux-gnu/gconv/gconv-modules.cache", O_RDONLY) = 3 <0.000017>
11    04:23:01.882135 mmap(NULL, 27004, PROT_READ, MAP_SHARED, 3, 0) = 0xf2b291e72000 <0.000014>
11    04:23:01.882280 mmap(NULL, 1048576, PROT_READ|PROT_WRITE, MAP_PRIVATE|MAP_ANONYMOUS, -1, 0) = 0xf2b291d72000 <0.000016>
11    04:23:01.882313 mmap(NULL, 266240, PROT_READ|PROT_WRITE, MAP_PRIVATE|MAP_ANONYMOUS, -1, 0) = 0xf2b291d31000 <0.000015>
11    04:23:01.882349 mmap(NULL, 135168, PROT_READ|PROT_WRITE, MAP_PRIVATE|MAP_ANONYMOUS, -1, 0) = 0xf2b291d10000 <0.000014>
11    04:23:01.883119 openat(AT_FDCWD, "/usr/bin/pyvenv.cfg", O_RDONLY) = -1 ENOENT (No such file or directory) <0.000015>
11    04:23:01.883153 openat(AT_FDCWD, "/usr/pyvenv.cfg", O_RDONLY) = -1 ENOENT (No such file or directory) <0.000015>
11    04:23:01.883306 openat(AT_FDCWD, "/usr/bin/pybuilddir.txt", O_RDONLY) = -1 ENOENT (No such file or directory) <0.000015>
11    04:23:01.883606 mmap(NULL, 1048576, PROT_READ|PROT_WRITE, MAP_PRIVATE|MAP_ANONYMOUS, -1, 0) = 0xf2b291c10000 <0.000014>
11    04:23:01.883855 openat(AT_FDCWD, "/etc/localtime", O_RDONLY|O_CLOEXEC) = -1 ENOENT (No such file or directory) <0.000014>
11    04:23:01.884138 openat(AT_FDCWD, "/usr/lib/python3.10", O_RDONLY|O_NONBLOCK|O_CLOEXEC|O_DIRECTORY) = 3 <0.000014>
11    04:23:01.884512 openat(AT_FDCWD, "/usr/lib/python3.10/encodings/__pycache__/__init__.cpython-310.pyc", O_RDONLY|O_CLOEXEC) = 3 <0.000017>
11    04:23:01.885017 openat(AT_FDCWD, "/usr/lib/python3.10/__pycache__/codecs.cpython-310.pyc", O_RDONLY|O_CLOEXEC) = 3 <0.000032>
11    04:23:01.885675 openat(AT_FDCWD, "/usr/lib/python3.10/encodings", O_RDONLY|O_NONBLOCK|O_CLOEXEC|O_DIRECTORY) = 3 <0.000024>
11    04:23:01.886021 openat(AT_FDCWD, "/usr/lib/python3.10/encodings/__pycache__/aliases.cpython-310.pyc", O_RDONLY|O_CLOEXEC) = 3 <0.000469>
11    04:23:01.887050 openat(AT_FDCWD, "/usr/lib/python3.10/encodings/__pycache__/utf_8.cpython-310.pyc", O_RDONLY|O_CLOEXEC) = 3 <0.000026>
11    04:23:01.889992 openat(AT_FDCWD, "/usr/lib/python3.10/__pycache__/io.cpython-310.pyc", O_RDONLY|O_CLOEXEC) = 3 <0.000031>
11    04:23:01.890532 openat(AT_FDCWD, "/usr/lib/python3.10/__pycache__/abc.cpython-310.pyc", O_RDONLY|O_CLOEXEC) = 3 <0.000027>
11    04:23:01.891925 openat(AT_FDCWD, "/usr/lib/python3.10/__pycache__/site.cpython-310.pyc", O_RDONLY|O_CLOEXEC) = 3 <0.000025>
11    04:23:01.892540 openat(AT_FDCWD, "/usr/lib/python3.10/__pycache__/os.cpython-310.pyc", O_RDONLY|O_CLOEXEC) = 3 <0.000019>
11    04:23:01.892946 mmap(NULL, 151552, PROT_READ|PROT_WRITE, MAP_PRIVATE|MAP_ANONYMOUS, -1, 0) = 0xf2b291beb000 <0.000018>
11    04:23:01.893166 openat(AT_FDCWD, "/usr/lib/python3.10/__pycache__/stat.cpython-310.pyc", O_RDONLY|O_CLOEXEC) = 3 <0.000025>
11    04:23:01.893693 openat(AT_FDCWD, "/usr/lib/python3.10/__pycache__/_collections_abc.cpython-310.pyc", O_RDONLY|O_CLOEXEC) = 3 <0.000027>
11    04:23:01.894486 openat(AT_FDCWD, "/usr/lib/python3.10/__pycache__/posixpath.cpython-310.pyc", O_RDONLY|O_CLOEXEC) = 3 <0.000028>
11    04:23:01.894999 openat(AT_FDCWD, "/usr/lib/python3.10/__pycache__/genericpath.cpython-310.pyc", O_RDONLY|O_CLOEXEC) = 3 <0.000033>
11    04:23:01.895597 openat(AT_FDCWD, "/usr/lib/python3.10/__pycache__/_sitebuiltins.cpython-310.pyc", O_RDONLY|O_CLOEXEC) = 3 <0.000023>
11    04:23:01.896303 openat(AT_FDCWD, "/usr/local/lib/python3.10/dist-packages", O_RDONLY|O_NONBLOCK|O_CLOEXEC|O_DIRECTORY) = 3 <0.000029>
11    04:23:01.896556 openat(AT_FDCWD, "/usr/lib/python3/dist-packages", O_RDONLY|O_NONBLOCK|O_CLOEXEC|O_DIRECTORY) = 3 <0.000020>
11    04:23:01.896937 openat(AT_FDCWD, "/usr/lib/python3.10/__pycache__/sitecustomize.cpython-310.pyc", O_RDONLY|O_CLOEXEC) = 3 <0.000024>
11    04:23:01.897440 openat(AT_FDCWD, "/usr/lib/python3.10/lib-dynload", O_RDONLY|O_NONBLOCK|O_CLOEXEC|O_DIRECTORY) = 3 <0.000023>
11    04:23:01.897784 openat(AT_FDCWD, "/usr/local/lib/python3.10/dist-packages", O_RDONLY|O_NONBLOCK|O_CLOEXEC|O_DIRECTORY) = 3 <0.000023>
11    04:23:01.898092 openat(AT_FDCWD, "/usr/lib/python3/dist-packages", O_RDONLY|O_NONBLOCK|O_CLOEXEC|O_DIRECTORY) = 3 <0.000023>
11    04:23:01.898489 openat(AT_FDCWD, "<string>", O_RDONLY) = -1 ENOENT (No such file or directory) <0.000025>
11    04:23:01.899463 +++ exited with 1 +++
10    04:23:01.899613 --- SIGCHLD {si_signo=SIGCHLD, si_code=CLD_EXITED, si_pid=11, si_uid=0, si_status=1, si_utime=0, si_stime=0} ---
10    04:23:01.899840 +++ exited with 0 +++
