root:*:20553:0:99999:7:::
daemon:*:20553:0:99999:7:::
bin:*:20553:0:99999:7:::
sys:*:20553:0:99999:7:::
sync:*:20553:0:99999:7:::
games:*:20553:0:99999:7:::
man:*:20553:0:99999:7:::
lp:*:20553:0:99999:7:::
mail:*:20553:0:99999:7:::
news:*:20553:0:99999:7:::
uucp:*:20553:0:99999:7:::
proxy:*:20553:0:99999:7:::
www-data:*:20553:0:99999:7:::
backup:*:20553:0:99999:7:::
list:*:20553:0:99999:7:::
irc:*:20553:0:99999:7:::
gnats:*:20553:0:99999:7:::
nobody:*:20553:0:99999:7:::
_apt:*:20553:0:99999:7:::
root:x:0:0:root:/root:/bin/bash
daemon:x:1:1:daemon:/usr/sbin:/usr/sbin/nologin
bin:x:2:2:bin:/bin:/usr/sbin/nologin
sys:x:3:3:sys:/dev:/usr/sbin/nologin
sync:x:4:65534:sync:/bin:/bin/sync
games:x:5:60:games:/usr/games:/usr/sbin/nologin
man:x:6:12:man:/var/cache/man:/usr/sbin/nologin
lp:x:7:7:lp:/var/spool/lpd:/usr/sbin/nologin
mail:x:8:8:mail:/var/mail:/usr/sbin/nologin
news:x:9:9:news:/var/spool/news:/usr/sbin/nologin
uucp:x:10:10:uucp:/var/spool/uucp:/usr/sbin/nologin
proxy:x:13:13:proxy:/bin:/usr/sbin/nologin
www-data:x:33:33:www-data:/var/www:/usr/sbin/nologin
backup:x:34:34:backup:/var/backups:/usr/sbin/nologin
list:x:38:38:Mailing List Manager:/var/list:/usr/sbin/nologin
irc:x:39:39:ircd:/run/ircd:/usr/sbin/nologin
gnats:x:41:41:Gnats Bug-Reporting System (admin):/var/lib/gnats:/usr/sbin/nologin
nobody:x:65534:65534:nobody:/nonexistent:/usr/sbin/nologin
_apt:x:100:65534::/nonexistent:/usr/sbin/nologin
10    04:22:59.049221 execve("/usr/bin/bash", ["bash", "-c", "cat /etc/shadow 2>/dev/null; cat"...], 0xffffd33bfe80 /* 6 vars */) = 0 <0.000066>
10    04:22:59.049366 mmap(NULL, 8192, PROT_READ|PROT_WRITE, MAP_PRIVATE|MAP_ANONYMOUS, -1, 0) = 0xf9a04a6e8000 <0.000014>
10    04:22:59.049432 openat(AT_FDCWD, "/etc/ld.so.cache", O_RDONLY|O_CLOEXEC) = 3 <0.000015>
10    04:22:59.049499 mmap(NULL, 6888, PROT_READ, MAP_PRIVATE, 3, 0) = 0xf9a04a6e6000 <0.000019>
10    04:22:59.049573 openat(AT_FDCWD, "/lib/aarch64-linux-gnu/libtinfo.so.6", O_RDONLY|O_CLOEXEC) = 3 <0.000015>
10    04:22:59.049663 mmap(NULL, 325800, PROT_NONE, MAP_PRIVATE|MAP_ANONYMOUS, -1, 0) = 0xf9a04a663000 <0.000014>
10    04:22:59.049694 mmap(0xf9a04a670000, 260264, PROT_READ|PROT_EXEC, MAP_PRIVATE|MAP_FIXED|MAP_DENYWRITE, 3, 0) = 0xf9a04a670000 <0.000016>
10    04:22:59.049811 mmap(0xf9a04a6ab000, 20480, PROT_READ|PROT_WRITE, MAP_PRIVATE|MAP_FIXED|MAP_DENYWRITE, 3, 0x2b000) = 0xf9a04a6ab000 <0.000014>
10    04:22:59.049875 openat(AT_FDCWD, "/lib/aarch64-linux-gnu/libc.so.6", O_RDONLY|O_CLOEXEC) = 3 <0.000014>
10    04:22:59.049960 mmap(NULL, 1830504, PROT_NONE, MAP_PRIVATE|MAP_ANONYMOUS, -1, 0) = 0xf9a04a4b1000 <0.000013>
10    04:22:59.049990 mmap(0xf9a04a4c0000, 1764968, PROT_READ|PROT_EXEC, MAP_PRIVATE|MAP_FIXED|MAP_DENYWRITE, 3, 0) = 0xf9a04a4c0000 <0.000015>
10    04:22:59.050104 mmap(0xf9a04a65d000, 24576, PROT_READ|PROT_WRITE, MAP_PRIVATE|MAP_FIXED|MAP_DENYWRITE, 3, 0x18d000) = 0xf9a04a65d000 <0.000014>
10    04:22:59.050136 mmap(0xf9a04a663000, 48744, PROT_READ|PROT_WRITE, MAP_PRIVATE|MAP_FIXED|MAP_ANONYMOUS, -1, 0) = 0xf9a04a663000 <0.000014>
10    04:22:59.050200 mmap(NULL, 8192, PROT_READ|PROT_WRITE, MAP_PRIVATE|MAP_ANONYMOUS, -1, 0) = 0xf9a04a6e4000 <0.000013>
10    04:22:59.050539 openat(AT_FDCWD, "/dev/tty", O_RDWR|O_NONBLOCK) = -1 ENXIO (No such device or address) <0.000026>
10    04:22:59.052260 connect(3, {sa_family=AF_UNIX, sun_path="/var/run/nscd/socket"}, 110) = -1 ENOENT (No such file or directory) <0.000015>
10    04:22:59.052353 connect(3, {sa_family=AF_UNIX, sun_path="/var/run/nscd/socket"}, 110) = -1 ENOENT (No such file or directory) <0.000014>
10    04:22:59.052466 openat(AT_FDCWD, "/etc/nsswitch.conf", O_RDONLY|O_CLOEXEC) = 3 <0.000014>
10    04:22:59.052665 openat(AT_FDCWD, "/etc/passwd", O_RDONLY|O_CLOEXEC) = 3 <0.000014>
10    04:22:59.054127 clone(child_stack=NULL, flags=CLONE_CHILD_CLEARTID|CLONE_CHILD_SETTID|SIGCHLD, child_tidptr=0xf9a04a6e40f0) = 11 <0.000030>
11    04:22:59.054387 openat(AT_FDCWD, "/dev/null", O_WRONLY|O_CREAT|O_TRUNC, 0666) = 3 <0.000016>
11    04:22:59.054486 execve("/usr/bin/cat", ["cat", "/etc/shadow"], 0xb3a040fa9320 /* 6 vars */) = 0 <0.000063>
11    04:22:59.054614 mmap(NULL, 8192, PROT_READ|PROT_WRITE, MAP_PRIVATE|MAP_ANONYMOUS, -1, 0) = 0xff733bbcf000 <0.000015>
11    04:22:59.054686 openat(AT_FDCWD, "/etc/ld.so.cache", O_RDONLY|O_CLOEXEC) = 3 <0.000016>
11    04:22:59.054750 mmap(NULL, 6888, PROT_READ, MAP_PRIVATE, 3, 0) = 0xff733bbcd000 <0.000015>
11    04:22:59.054814 openat(AT_FDCWD, "/lib/aarch64-linux-gnu/libc.so.6", O_RDONLY|O_CLOEXEC) = 3 <0.000021>
11    04:22:59.054916 mmap(NULL, 1830504, PROT_NONE, MAP_PRIVATE|MAP_ANONYMOUS, -1, 0) = 0xff733b9db000 <0.000015>
11    04:22:59.054952 mmap(0xff733b9e0000, 1764968, PROT_READ|PROT_EXEC, MAP_PRIVATE|MAP_FIXED|MAP_DENYWRITE, 3, 0) = 0xff733b9e0000 <0.000017>
11    04:22:59.055076 mmap(0xff733bb7d000, 24576, PROT_READ|PROT_WRITE, MAP_PRIVATE|MAP_FIXED|MAP_DENYWRITE, 3, 0x18d000) = 0xff733bb7d000 <0.000015>
11    04:22:59.055110 mmap(0xff733bb83000, 48744, PROT_READ|PROT_WRITE, MAP_PRIVATE|MAP_FIXED|MAP_ANONYMOUS, -1, 0) = 0xff733bb83000 <0.000015>
11    04:22:59.055536 openat(AT_FDCWD, "/etc/shadow", O_RDONLY) = 3 <0.000037>
11    04:22:59.055655 mmap(NULL, 139264, PROT_READ|PROT_WRITE, MAP_PRIVATE|MAP_ANONYMOUS, -1, 0) = 0xff733b9be000 <0.000016>
11    04:22:59.055840 +++ exited with 0 +++
10    04:22:59.056028 --- SIGCHLD {si_signo=SIGCHLD, si_code=CLD_EXITED, si_pid=11, si_uid=0, si_status=0, si_utime=0, si_stime=0} ---
10    04:22:59.056205 execve("/usr/bin/cat", ["cat", "/etc/passwd"], 0xb3a040fabdf0 /* 6 vars */) = 0 <0.000070>
10    04:22:59.056339 mmap(NULL, 8192, PROT_READ|PROT_WRITE, MAP_PRIVATE|MAP_ANONYMOUS, -1, 0) = 0xf010579a6000 <0.000014>
10    04:22:59.056404 openat(AT_FDCWD, "/etc/ld.so.cache", O_RDONLY|O_CLOEXEC) = 3 <0.000015>
10    04:22:59.056467 mmap(NULL, 6888, PROT_READ, MAP_PRIVATE, 3, 0) = 0xf010579a4000 <0.000014>
10    04:22:59.056528 openat(AT_FDCWD, "/lib/aarch64-linux-gnu/libc.so.6", O_RDONLY|O_CLOEXEC) = 3 <0.000020>
10    04:22:59.056620 mmap(NULL, 1830504, PROT_NONE, MAP_PRIVATE|MAP_ANONYMOUS, -1, 0) = 0xf010577b2000 <0.000015>
10    04:22:59.056653 mmap(0xf010577c0000, 1764968, PROT_READ|PROT_EXEC, MAP_PRIVATE|MAP_FIXED|MAP_DENYWRITE, 3, 0) = 0xf010577c0000 <0.000017>
10    04:22:59.056774 mmap(0xf0105795d000, 24576, PROT_READ|PROT_WRITE, MAP_PRIVATE|MAP_FIXED|MAP_DENYWRITE, 3, 0x18d000) = 0xf0105795d000 <0.000015>
10    04:22:59.056807 mmap(0xf01057963000, 48744, PROT_READ|PROT_WRITE, MAP_PRIVATE|MAP_FIXED|MAP_ANONYMOUS, -1, 0) = 0xf01057963000 <0.000014>
10    04:22:59.057242 openat(AT_FDCWD, "/etc/passwd", O_RDONLY) = 3 <0.000015>
10    04:22:59.057334 mmap(NULL, 139264, PROT_READ|PROT_WRITE, MAP_PRIVATE|MAP_ANONYMOUS, -1, 0) = 0xf0105779e000 <0.000014>
10    04:22:59.057535 +++ exited with 0 +++
