/usr/lib/aarch64-linux-gnu/libmemusage.so
/usr/lib/aarch64-linux-gnu/libpcprofile.so
/usr/lib/aarch64-linux-gnu/libdb-5.3.so
10    04:22:58.620612 execve("/usr/bin/find", ["find", "/usr/lib", "-name", "*.so", "-maxdepth", "2"], 0xffffcf108de8 /* 6 vars */) = 0 <0.000061>
10    04:22:58.620751 mmap(NULL, 8192, PROT_READ|PROT_WRITE, MAP_PRIVATE|MAP_ANONYMOUS, -1, 0) = 0xf55de463f000 <0.000015>
10    04:22:58.620816 openat(AT_FDCWD, "/etc/ld.so.cache", O_RDONLY|O_CLOEXEC) = 3 <0.000015>
10    04:22:58.620881 mmap(NULL, 6888, PROT_READ, MAP_PRIVATE, 3, 0) = 0xf55de463d000 <0.000015>
10    04:22:58.620943 openat(AT_FDCWD, "/lib/aarch64-linux-gnu/libselinux.so.1", O_RDONLY|O_CLOEXEC) = 3 <0.000017>
10    04:22:58.621038 mmap(NULL, 300400, PROT_NONE, MAP_PRIVATE|MAP_ANONYMOUS, -1, 0) = 0xf55de45c0000 <0.000014>
10    04:22:58.621070 mmap(0xf55de45c0000, 234864, PROT_READ|PROT_EXEC, MAP_PRIVATE|MAP_FIXED|MAP_DENYWRITE, 3, 0) = 0xf55de45c0000 <0.000025>
10    04:22:58.621170 mmap(0xf55de45f6000, 8192, PROT_READ|PROT_WRITE, MAP_PRIVATE|MAP_FIXED|MAP_DENYWRITE, 3, 0x26000) = 0xf55de45f6000 <0.000014>
10    04:22:58.621202 mmap(0xf55de45f8000, 5488, PROT_READ|PROT_WRITE, MAP_PRIVATE|MAP_FIXED|MAP_ANONYMOUS, -1, 0) = 0xf55de45f8000 <0.000014>
10    04:22:58.621262 openat(AT_FDCWD, "/lib/aarch64-linux-gnu/libc.so.6", O_RDONLY|O_CLOEXEC) = 3 <0.000014>
10    04:22:58.621348 mmap(NULL, 1830504, PROT_NONE, MAP_PRIVATE|MAP_ANONYMOUS, -1, 0) = 0xf55de4401000 <0.000013>
10    04:22:58.621377 mmap(0xf55de4410000, 1764968, PROT_READ|PROT_EXEC, MAP_PRIVATE|MAP_FIXED|MAP_DENYWRITE, 3, 0) = 0xf55de4410000 <0.000015>
10    04:22:58.621489 mmap(0xf55de45ad000, 24576, PROT_READ|PROT_WRITE, MAP_PRIVATE|MAP_FIXED|MAP_DENYWRITE, 3, 0x18d000) = 0xf55de45ad000 <0.000014>
10    04:22:58.621520 mmap(0xf55de45b3000, 48744, PROT_READ|PROT_WRITE, MAP_PRIVATE|MAP_FIXED|MAP_ANONYMOUS, -1, 0) = 0xf55de45b3000 <0.000014>
10    04:22:58.621562 openat(AT_FDCWD, "/lib/aarch64-linux-gnu/libpcre2-8.so.0", O_RDONLY|O_CLOEXEC) = 3 <0.000006>
10    04:22:58.621587 mmap(NULL, 660088, PROT_NONE, MAP_PRIVATE|MAP_ANONYMOUS, -1, 0) = 0xf55de436e000 <0.000002>
10    04:22:58.621595 mmap(0xf55de4370000, 594552, PROT_READ|PROT_EXEC, MAP_PRIVATE|MAP_FIXED|MAP_DENYWRITE, 3, 0) = 0xf55de4370000 <0.000003>
10    04:22:58.621614 mmap(0xf55de4400000, 8192, PROT_READ|PROT_WRITE, MAP_PRIVATE|MAP_FIXED|MAP_DENYWRITE, 3, 0x80000) = 0xf55de4400000 <0.000002>
10    04:22:58.621630 mmap(NULL, 12288, PROT_READ|PROT_WRITE, MAP_PRIVATE|MAP_ANONYMOUS, -1, 0) = 0xf55de463a000 <0.000002>
10    04:22:58.621744 openat(AT_FDCWD, "/proc/filesystems", O_RDONLY|O_CLOEXEC) = 3 <0.000004>
10    04:22:58.621782 openat(AT_FDCWD, ".", O_RDONLY|O_CLOEXEC) = 3 <0.000002>
10    04:22:58.621821 openat(AT_FDCWD, "/usr/lib", O_RDONLY|O_NOCTTY|O_NONBLOCK|O_NOFOLLOW|O_CLOEXEC|O_DIRECTORY) = 4 <0.000002>
10    04:22:58.621878 openat(5, "udev", O_RDONLY|O_NOCTTY|O_NONBLOCK|O_NOFOLLOW|O_CLOEXEC|O_DIRECTORY) = 6 <0.000002>
10    04:22:58.621950 openat(5, "locale", O_RDONLY|O_NOCTTY|O_NONBLOCK|O_NOFOLLOW|O_CLOEXEC|O_DIRECTORY) = 6 <0.000002>
10    04:22:58.622018 openat(5, "lsb", O_RDONLY|O_NOCTTY|O_NONBLOCK|O_NOFOLLOW|O_CLOEXEC|O_DIRECTORY) = 6 <0.000002>
10    04:22:58.622085 openat(5, "sysctl.d", O_RDONLY|O_NOCTTY|O_NONBLOCK|O_NOFOLLOW|O_CLOEXEC|O_DIRECTORY) = 6 <0.000002>
10    04:22:58.622145 openat(5, "apt", O_RDONLY|O_NOCTTY|O_NONBLOCK|O_NOFOLLOW|O_CLOEXEC|O_DIRECTORY) = 6 <0.000002>
10    04:22:58.622236 openat(5, "terminfo", O_RDONLY|O_NOCTTY|O_NONBLOCK|O_NOFOLLOW|O_CLOEXEC|O_DIRECTORY) = 6 <0.000002>
10    04:22:58.622459 openat(5, "mime", O_RDONLY|O_NOCTTY|O_NONBLOCK|O_NOFOLLOW|O_CLOEXEC|O_DIRECTORY) = 6 <0.000002>
10    04:22:58.622526 openat(5, "aarch64-linux-gnu", O_RDONLY|O_NOCTTY|O_NONBLOCK|O_NOFOLLOW|O_CLOEXEC|O_DIRECTORY) = 6 <0.000002>
10    04:22:58.622790 openat(5, "dpkg", O_RDONLY|O_NOCTTY|O_NONBLOCK|O_NOFOLLOW|O_CLOEXEC|O_DIRECTORY) = 6 <0.000002>
10    04:22:58.622859 openat(5, "tmpfiles.d", O_RDONLY|O_NOCTTY|O_NONBLOCK|O_NOFOLLOW|O_CLOEXEC|O_DIRECTORY) = 6 <0.000002>
10    04:22:58.622914 openat(5, "usrmerge", O_RDONLY|O_NOCTTY|O_NONBLOCK|O_NOFOLLOW|O_CLOEXEC|O_DIRECTORY) = 6 <0.000001>
10    04:22:58.622981 openat(5, "init", O_RDONLY|O_NOCTTY|O_NONBLOCK|O_NOFOLLOW|O_CLOEXEC|O_DIRECTORY) = 6 <0.000002>
10    04:22:58.623040 openat(5, "systemd", O_RDONLY|O_NOCTTY|O_NONBLOCK|O_NOFOLLOW|O_CLOEXEC|O_DIRECTORY) = 6 <0.000002>
10    04:22:58.623108 openat(5, "python3", O_RDONLY|O_NOCTTY|O_NONBLOCK|O_NOFOLLOW|O_CLOEXEC|O_DIRECTORY) = 6 <0.000002>
10    04:22:58.623174 openat(5, "binfmt.d", O_RDONLY|O_NOCTTY|O_NONBLOCK|O_NOFOLLOW|O_CLOEXEC|O_DIRECTORY) = 6 <0.000002>
10    04:22:58.623229 openat(5, "ssl", O_RDONLY|O_NOCTTY|O_NONBLOCK|O_NOFOLLOW|O_CLOEXEC|O_DIRECTORY) = 6 <0.000002>
10    04:22:58.623297 openat(5, "sasl2", O_RDONLY|O_NOCTTY|O_NONBLOCK|O_NOFOLLOW|O_CLOEXEC|O_DIRECTORY) = 6 <0.000002>
10    04:22:58.623345 openat(5, "python3.10", O_RDONLY|O_NOCTTY|O_NONBLOCK|O_NOFOLLOW|O_CLOEXEC|O_DIRECTORY) = 6 <0.000002>
10    04:22:58.623775 openat(5, "valgrind", O_RDONLY|O_NOCTTY|O_NONBLOCK|O_NOFOLLOW|O_CLOEXEC|O_DIRECTORY) = 6 <0.000002>
10    04:22:58.623926 +++ exited with 0 +++
