[
addpart
apt
apt-cache
apt-cdrom
apt-config
apt-get
apt-key
apt-mark
arch
awk
b2sum
base32
base64
basename
basenc
bash
bashbug
c_rehash
captoinfo
cat
chage
chattr
chcon
chfn
chgrp
chmod
choom
chown
chrt
chsh
cksum
clear
clear_console
cmp
comm
cp
csplit
curl
cut
dash
date
dd
deb-systemd-helper
deb-systemd-invoke
debconf
debconf-apt-progress
debconf-communicate
debconf-copydb
debconf-escape
debconf-set-selections
debconf-show
delpart
df
diff
diff3
dir
dircolors
dirname
dmesg
dnsdomainname
domainname
dpkg
dpkg-deb
dpkg-divert
dpkg-maintscript-helper
dpkg-query
dpkg-realpath
dpkg-split
dpkg-statoverride
dpkg-trigger
du
echo
egrep
env
expand
expiry
expr
factor
faillog
fallocate
false
fgrep
fincore
find
findmnt
flock
fmt
fold
free
getconf
getent
getopt
gpasswd
gpgv
grep
groups
gunzip
gzexe
gzip
hardlink
head
hostid
hostname
iconv
id
infocmp
infotocap
install
ionice
ipcmk
ipcrm
ipcs
ischroot
join
kill
last
lastb
lastlog
ldd
link
linux32
linux64
ln
locale
locale-check
localedef
logger
login
logname
ls
lsattr
lsblk
lscpu
lsipc
lslocks
lslogins
lsmem
lsns
man
mawk
mcookie
md5sum
md5sum.textutils
mesg
mkdir
mkfifo
mknod
mktemp
more
mount
mountpoint
mv
namei
nawk
nc
nc.openbsd
netcat
newgrp
nice
nisdomainname
nl
nohup
nproc
nsenter
numfmt
od
openssl
pager
partx
passwd
paste
pathchk
pdb3
pdb3.10
perl
perl5.34.0
pgrep
pidof
pidwait
pinky
pkill
pldd
pmap
pr
printenv
printf
prlimit
ps
ptx
pwd
pwdx
py3clean
py3compile
py3versions
pydoc3
pydoc3.10
pygettext3
pygettext3.10
python3
python3.10
rbash
readlink
realpath
renice
reset
resizepart
rev
rgrep
rm
rmdir
run-parts
runcon
savelog
script
scriptlive
scriptreplay
sdiff
sed
select-editor
sensible-browser
sensible-editor
sensible-pager
seq
setarch
setpriv
setsid
setterm
sg
sh
sha1sum
sha224sum
sha256sum
sha384sum
sha512sum
shred
shuf
skill
slabtop
sleep
snice
sort
split
stat
stdbuf
strace
strace-log-merge
stty
su
sum
sync
tabs
tac
tail
tar
taskset
tee
tempfile
test
tic
timeout
tload
toe
top
touch
tput
tr
true
truncate
tset
tsort
tty
tzselect
uclampset
umount
uname
uncompress
unexpand
uniq
unlink
unshare
update-alternatives
uptime
users
utmpdump
vdir
vmstat
w
wall
watch
wc
wdctl
whereis
which
which.debianutils
who
whoami
xargs
yes
ypdomainname
zcat
zcmp
zdiff
zdump
zegrep
zfgrep
zforce
zgrep
zless
zmore
znew
10    04:22:58.382837 execve("/usr/bin/ls", ["ls", "/usr/bin"], 0xfffff3dfe9d8 /* 6 vars */) = 0 <0.000065>
10    04:22:58.382985 mmap(NULL, 8192, PROT_READ|PROT_WRITE, MAP_PRIVATE|MAP_ANONYMOUS, -1, 0) = 0xe0a617d60000 <0.000015>
10    04:22:58.383049 openat(AT_FDCWD, "/etc/ld.so.cache", O_RDONLY|O_CLOEXEC) = 3 <0.000014>
10    04:22:58.383110 mmap(NULL, 6888, PROT_READ, MAP_PRIVATE, 3, 0) = 0xe0a617d5e000 <0.000014>
10    04:22:58.383168 openat(AT_FDCWD, "/lib/aarch64-linux-gnu/libselinux.so.1", O_RDONLY|O_CLOEXEC) = 3 <0.000017>
10    04:22:58.383258 mmap(NULL, 300400, PROT_NONE, MAP_PRIVATE|MAP_ANONYMOUS, -1, 0) = 0xe0a617ce1000 <0.000014>
10    04:22:58.383288 mmap(0xe0a617cf0000, 234864, PROT_READ|PROT_EXEC, MAP_PRIVATE|MAP_FIXED|MAP_DENYWRITE, 3, 0) = 0xe0a617cf0000 <0.000015>
10    04:22:58.383399 mmap(0xe0a617d26000, 8192, PROT_READ|PROT_WRITE, MAP_PRIVATE|MAP_FIXED|MAP_DENYWRITE, 3, 0x26000) = 0xe0a617d26000 <0.000014>
10    04:22:58.383431 mmap(0xe0a617d28000, 5488, PROT_READ|PROT_WRITE, MAP_PRIVATE|MAP_FIXED|MAP_ANONYMOUS, -1, 0) = 0xe0a617d28000 <0.000014>
10    04:22:58.383491 openat(AT_FDCWD, "/lib/aarch64-linux-gnu/libc.so.6", O_RDONLY|O_CLOEXEC) = 3 <0.000014>
10    04:22:58.383581 mmap(NULL, 1830504, PROT_NONE, MAP_PRIVATE|MAP_ANONYMOUS, -1, 0) = 0xe0a617b31000 <0.000013>
10    04:22:58.383612 mmap(0xe0a617b40000, 1764968, PROT_READ|PROT_EXEC, MAP_PRIVATE|MAP_FIXED|MAP_DENYWRITE, 3, 0) = 0xe0a617b40000 <0.000016>
10    04:22:58.383724 mmap(0xe0a617cdd000, 24576, PROT_READ|PROT_WRITE, MAP_PRIVATE|MAP_FIXED|MAP_DENYWRITE, 3, 0x18d000) = 0xe0a617cdd000 <0.000014>
10    04:22:58.383757 mmap(0xe0a617ce3000, 48744, PROT_READ|PROT_WRITE, MAP_PRIVATE|MAP_FIXED|MAP_ANONYMOUS, -1, 0) = 0xe0a617ce3000 <0.000014>
10    04:22:58.383818 openat(AT_FDCWD, "/lib/aarch64-linux-gnu/libpcre2-8.so.0", O_RDONLY|O_CLOEXEC) = 3 <0.000018>
10    04:22:58.383907 mmap(NULL, 660088, PROT_NONE, MAP_PRIVATE|MAP_ANONYMOUS, -1, 0) = 0xe0a617a9e000 <0.000013>
10    04:22:58.383936 mmap(0xe0a617aa0000, 594552, PROT_READ|PROT_EXEC, MAP_PRIVATE|MAP_FIXED|MAP_DENYWRITE, 3, 0) = 0xe0a617aa0000 <0.000015>
10    04:22:58.384052 mmap(0xe0a617b30000, 8192, PROT_READ|PROT_WRITE, MAP_PRIVATE|MAP_FIXED|MAP_DENYWRITE, 3, 0x80000) = 0xe0a617b30000 <0.000014>
10    04:22:58.384115 mmap(NULL, 12288, PROT_READ|PROT_WRITE, MAP_PRIVATE|MAP_ANONYMOUS, -1, 0) = 0xe0a617d5b000 <0.000013>
10    04:22:58.384629 openat(AT_FDCWD, "/proc/filesystems", O_RDONLY|O_CLOEXEC) = 3 <0.000016>
10    04:22:58.384896 openat(AT_FDCWD, "/usr/bin", O_RDONLY|O_NONBLOCK|O_CLOEXEC|O_DIRECTORY) = 3 <0.000014>
10    04:22:58.385423 +++ exited with 0 +++
