{"key": "val"}
10    04:22:58.482493 execve("/usr/bin/python3", ["python3", "-c", "import json; print(json.dumps({'"...], 0xfffffc6fa320 /* 6 vars */) = 0 <0.000096>
10    04:22:58.482715 mmap(NULL, 8192, PROT_READ|PROT_WRITE, MAP_PRIVATE|MAP_ANONYMOUS, -1, 0) = 0xed755984c000 <0.000025>
10    04:22:58.482804 openat(AT_FDCWD, "/etc/ld.so.cache", O_RDONLY|O_CLOEXEC) = 3 <0.000016>
10    04:22:58.482875 mmap(NULL, 6888, PROT_READ, MAP_PRIVATE, 3, 0) = 0xed755984a000 <0.000019>
10    04:22:58.482944 openat(AT_FDCWD, "/lib/aarch64-linux-gnu/libm.so.6", O_RDONLY|O_CLOEXEC) = 3 <0.000020>
10    04:22:58.483128 mmap(NULL, 680048, PROT_NONE, MAP_PRIVATE|MAP_ANONYMOUS, -1, 0) = 0xed7559770000 <0.000017>
10    04:22:58.483176 mmap(0xed7559770000, 614512, PROT_READ|PROT_EXEC, MAP_PRIVATE|MAP_FIXED|MAP_DENYWRITE, 3, 0) = 0xed7559770000 <0.000027>
10    04:22:58.483328 mmap(0xed7559805000, 8192, PROT_READ|PROT_WRITE, MAP_PRIVATE|MAP_FIXED|MAP_DENYWRITE, 3, 0x85000) = 0xed7559805000 <0.000021>
10    04:22:58.483414 openat(AT_FDCWD, "/lib/aarch64-linux-gnu/libexpat.so.1", O_RDONLY|O_CLOEXEC) = 3 <0.000021>
10    04:22:58.483528 mmap(NULL, 299192, PROT_NONE, MAP_PRIVATE|MAP_ANONYMOUS, -1, 0) = 0xed7559726000 <0.000033>
10    04:22:58.483581 mmap(0xed7559730000, 233656, PROT_READ|PROT_EXEC, MAP_PRIVATE|MAP_FIXED|MAP_DENYWRITE, 3, 0) = 0xed7559730000 <0.000017>
10    04:22:58.483704 mmap(0xed7559767000, 12288, PROT_READ|PROT_WRITE, MAP_PRIVATE|MAP_FIXED|MAP_DENYWRITE, 3, 0x27000) = 0xed7559767000 <0.000016>
10    04:22:58.483775 openat(AT_FDCWD, "/lib/aarch64-linux-gnu/libz.so.1", O_RDONLY|O_CLOEXEC) = 3 <0.000020>
10    04:22:58.483872 mmap(NULL, 233648, PROT_NONE, MAP_PRIVATE|MAP_ANONYMOUS, -1, 0) = 0xed75596f6000 <0.000014>
10    04:22:58.483904 mmap(0xed7559700000, 168112, PROT_READ|PROT_EXEC, MAP_PRIVATE|MAP_FIXED|MAP_DENYWRITE, 3, 0) = 0xed7559700000 <0.000016>
10    04:22:58.484025 mmap(0xed7559728000, 8192, PROT_READ|PROT_WRITE, MAP_PRIVATE|MAP_FIXED|MAP_DENYWRITE, 3, 0x18000) = 0xed7559728000 <0.000014>
10    04:22:58.484099 openat(AT_FDCWD, "/lib/aarch64-linux-gnu/libc.so.6", O_RDONLY|O_CLOEXEC) = 3 <0.000016>
10    04:22:58.484192 mmap(NULL, 1830504, PROT_NONE, MAP_PRIVATE|MAP_ANONYMOUS, -1, 0) = 0xed7559541000 <0.000014>
10    04:22:58.484224 mmap(0xed7559550000, 1764968, PROT_READ|PROT_EXEC, MAP_PRIVATE|MAP_FIXED|MAP_DENYWRITE, 3, 0) = 0xed7559550000 <0.000016>
10    04:22:58.484349 mmap(0xed75596ed000, 24576, PROT_READ|PROT_WRITE, MAP_PRIVATE|MAP_FIXED|MAP_DENYWRITE, 3, 0x18d000) = 0xed75596ed000 <0.000015>
10    04:22:58.484383 mmap(0xed75596f3000, 48744, PROT_READ|PROT_WRITE, MAP_PRIVATE|MAP_FIXED|MAP_ANONYMOUS, -1, 0) = 0xed75596f3000 <0.000016>
10    04:22:58.484454 mmap(NULL, 8192, PROT_READ|PROT_WRITE, MAP_PRIVATE|MAP_ANONYMOUS, -1, 0) = 0xed7559848000 <0.000016>
10    04:22:58.485126 openat(AT_FDCWD, "/usr/lib/locale/locale-archive", O_RDONLY|O_CLOEXEC) = -1 ENOENT (No such file or directory) <0.000021>
10    04:22:58.485171 openat(AT_FDCWD, "/usr/share/locale/locale.alias", O_RDONLY|O_CLOEXEC) = -1 ENOENT (No such file or directory) <0.000020>
10    04:22:58.485210 openat(AT_FDCWD, "/usr/lib/locale/C.UTF-8/LC_CTYPE", O_RDONLY|O_CLOEXEC) = -1 ENOENT (No such file or directory) <0.000014>
10    04:22:58.485242 openat(AT_FDCWD, "/usr/lib/locale/C.utf8/LC_CTYPE", O_RDONLY|O_CLOEXEC) = 3 <0.000017>
10    04:22:58.485306 mmap(NULL, 353616, PROT_READ, MAP_PRIVATE, 3, 0) = 0xed75594f9000 <0.000015>
10    04:22:58.485369 openat(AT_FDCWD, "/usr/lib/aarch64-linux-gnu/gconv/gconv-modules.cache", O_RDONLY) = 3 <0.000017>
10    04:22:58.485433 mmap(NULL, 27004, PROT_READ, MAP_SHARED, 3, 0) = 0xed7559810000 <0.000014>
10    04:22:58.485630 mmap(NULL, 1048576, PROT_READ|PROT_WRITE, MAP_PRIVATE|MAP_ANONYMOUS, -1, 0) = 0xed75593f9000 <0.000015>
10    04:22:58.485663 mmap(NULL, 266240, PROT_READ|PROT_WRITE, MAP_PRIVATE|MAP_ANONYMOUS, -1, 0) = 0xed75593b8000 <0.000014>
10    04:22:58.485696 mmap(NULL, 135168, PROT_READ|PROT_WRITE, MAP_PRIVATE|MAP_ANONYMOUS, -1, 0) = 0xed7559397000 <0.000014>
10    04:22:58.486567 openat(AT_FDCWD, "/usr/bin/pyvenv.cfg", O_RDONLY) = -1 ENOENT (No such file or directory) <0.000017>
10    04:22:58.486606 openat(AT_FDCWD, "/usr/pyvenv.cfg", O_RDONLY) = -1 ENOENT (No such file or directory) <0.000015>
10    04:22:58.486758 openat(AT_FDCWD, "/usr/bin/pybuilddir.txt", O_RDONLY) = -1 ENOENT (No such file or directory) <0.000015>
10    04:22:58.487062 mmap(NULL, 1048576, PROT_READ|PROT_WRITE, MAP_PRIVATE|MAP_ANONYMOUS, -1, 0) = 0xed7559297000 <0.000014>
10    04:22:58.487307 openat(AT_FDCWD, "/etc/localtime", O_RDONLY|O_CLOEXEC) = -1 ENOENT (No such file or directory) <0.000014>
10    04:22:58.487600 openat(AT_FDCWD, "/usr/lib/python3.10", O_RDONLY|O_NONBLOCK|O_CLOEXEC|O_DIRECTORY) = 3 <0.000015>
10    04:22:58.487986 openat(AT_FDCWD, "/usr/lib/python3.10/encodings/__pycache__/__init__.cpython-310.pyc", O_RDONLY|O_CLOEXEC) = 3 <0.000018>
10    04:22:58.488405 openat(AT_FDCWD, "/usr/lib/python3.10/__pycache__/codecs.cpython-310.pyc", O_RDONLY|O_CLOEXEC) = 3 <0.000017>
10    04:22:58.488913 openat(AT_FDCWD, "/usr/lib/python3.10/encodings", O_RDONLY|O_NONBLOCK|O_CLOEXEC|O_DIRECTORY) = 3 <0.000015>
10    04:22:58.489163 openat(AT_FDCWD, "/usr/lib/python3.10/encodings/__pycache__/aliases.cpython-310.pyc", O_RDONLY|O_CLOEXEC) = 3 <0.000016>
10    04:22:58.489622 openat(AT_FDCWD, "/usr/lib/python3.10/encodings/__pycache__/utf_8.cpython-310.pyc", O_RDONLY|O_CLOEXEC) = 3 <0.000016>
10    04:22:58.491878 openat(AT_FDCWD, "/usr/lib/python3.10/__pycache__/io.cpython-310.pyc", O_RDONLY|O_CLOEXEC) = 3 <0.000016>
10    04:22:58.492244 openat(AT_FDCWD, "/usr/lib/python3.10/__pycache__/abc.cpython-310.pyc", O_RDONLY|O_CLOEXEC) = 3 <0.000016>
10    04:22:58.493312 openat(AT_FDCWD, "/usr/lib/python3.10/__pycache__/site.cpython-310.pyc", O_RDONLY|O_CLOEXEC) = 3 <0.000017>
10    04:22:58.493773 openat(AT_FDCWD, "/usr/lib/python3.10/__pycache__/os.cpython-310.pyc", O_RDONLY|O_CLOEXEC) = 3 <0.000016>
10    04:22:58.494173 mmap(NULL, 151552, PROT_READ|PROT_WRITE, MAP_PRIVATE|MAP_ANONYMOUS, -1, 0) = 0xed7559272000 <0.000019>
10    04:22:58.494409 openat(AT_FDCWD, "/usr/lib/python3.10/__pycache__/stat.cpython-310.pyc", O_RDONLY|O_CLOEXEC) = 3 <0.000031>
10    04:22:58.494973 openat(AT_FDCWD, "/usr/lib/python3.10/__pycache__/_collections_abc.cpython-310.pyc", O_RDONLY|O_CLOEXEC) = 3 <0.000024>
10    04:22:58.495852 openat(AT_FDCWD, "/usr/lib/python3.10/__pycache__/posixpath.cpython-310.pyc", O_RDONLY|O_CLOEXEC) = 3 <0.000026>
10    04:22:58.496358 openat(AT_FDCWD, "/usr/lib/python3.10/__pycache__/genericpath.cpython-310.pyc", O_RDONLY|O_CLOEXEC) = 3 <0.000024>
10    04:22:58.496953 openat(AT_FDCWD, "/usr/lib/python3.10/__pycache__/_sitebuiltins.cpython-310.pyc", O_RDONLY|O_CLOEXEC) = 3 <0.000025>
10    04:22:58.497696 openat(AT_FDCWD, "/usr/local/lib/python3.10/dist-packages", O_RDONLY|O_NONBLOCK|O_CLOEXEC|O_DIRECTORY) = 3 <0.000022>
10    04:22:58.497940 openat(AT_FDCWD, "/usr/lib/python3/dist-packages", O_RDONLY|O_NONBLOCK|O_CLOEXEC|O_DIRECTORY) = 3 <0.000023>
10    04:22:58.498345 openat(AT_FDCWD, "/usr/lib/python3.10/__pycache__/sitecustomize.cpython-310.pyc", O_RDONLY|O_CLOEXEC) = 3 <0.000025>
10    04:22:58.498621 openat(AT_FDCWD, "/usr/lib/python3.10/lib-dynload", O_RDONLY|O_NONBLOCK|O_CLOEXEC|O_DIRECTORY) = 3 <0.000002>
10    04:22:58.498683 openat(AT_FDCWD, "/usr/local/lib/python3.10/dist-packages", O_RDONLY|O_NONBLOCK|O_CLOEXEC|O_DIRECTORY) = 3 <0.000002>
10    04:22:58.498724 openat(AT_FDCWD, "/usr/lib/python3/dist-packages", O_RDONLY|O_NONBLOCK|O_CLOEXEC|O_DIRECTORY) = 3 <0.000002>
10    04:22:58.498849 openat(AT_FDCWD, "/", O_RDONLY|O_NONBLOCK|O_CLOEXEC|O_DIRECTORY) = 3 <0.000002>
10    04:22:58.498935 openat(AT_FDCWD, "/usr/lib/python3.10/json/__pycache__/__init__.cpython-310.pyc", O_RDONLY|O_CLOEXEC) = 3 <0.000005>
10    04:22:58.499011 openat(AT_FDCWD, "/usr/lib/python3.10/json", O_RDONLY|O_NONBLOCK|O_CLOEXEC|O_DIRECTORY) = 3 <0.000002>
10    04:22:58.499056 openat(AT_FDCWD, "/usr/lib/python3.10/json/__pycache__/decoder.cpython-310.pyc", O_RDONLY|O_CLOEXEC) = 3 <0.000003>
10    04:22:58.499184 openat(AT_FDCWD, "/usr/lib/python3.10/__pycache__/re.cpython-310.pyc", O_RDONLY|O_CLOEXEC) = 3 <0.000003>
10    04:22:58.499281 openat(AT_FDCWD, "/usr/lib/python3.10/__pycache__/enum.cpython-310.pyc", O_RDONLY|O_CLOEXEC) = 3 <0.000003>
10    04:22:58.499404 openat(AT_FDCWD, "/usr/lib/python3.10/__pycache__/types.cpython-310.pyc", O_RDONLY|O_CLOEXEC) = 3 <0.000003>
10    04:22:58.499666 openat(AT_FDCWD, "/usr/lib/python3.10/__pycache__/sre_compile.cpython-310.pyc", O_RDONLY|O_CLOEXEC) = 3 <0.000003>
10    04:22:58.499815 openat(AT_FDCWD, "/usr/lib/python3.10/__pycache__/sre_parse.cpython-310.pyc", O_RDONLY|O_CLOEXEC) = 3 <0.000003>
10    04:22:58.499929 openat(AT_FDCWD, "/usr/lib/python3.10/__pycache__/sre_constants.cpython-310.pyc", O_RDONLY|O_CLOEXEC) = 3 <0.000003>
10    04:22:58.500113 openat(AT_FDCWD, "/usr/lib/python3.10/__pycache__/functools.cpython-310.pyc", O_RDONLY|O_CLOEXEC) = 3 <0.000003>
10    04:22:58.500454 openat(AT_FDCWD, "/usr/lib/python3.10/collections/__pycache__/__init__.cpython-310.pyc", O_RDONLY|O_CLOEXEC) = 3 <0.000005>
10    04:22:58.500607 mmap(NULL, 1048576, PROT_READ|PROT_WRITE, MAP_PRIVATE|MAP_ANONYMOUS, -1, 0) = 0xed7559172000 <0.000003>
10    04:22:58.500669 openat(AT_FDCWD, "/usr/lib/python3.10/__pycache__/keyword.cpython-310.pyc", O_RDONLY|O_CLOEXEC) = 3 <0.000003>
10    04:22:58.500755 openat(AT_FDCWD, "/usr/lib/python3.10/__pycache__/operator.cpython-310.pyc", O_RDONLY|O_CLOEXEC) = 3 <0.000003>
10    04:22:58.500924 openat(AT_FDCWD, "/usr/lib/python3.10/__pycache__/reprlib.cpython-310.pyc", O_RDONLY|O_CLOEXEC) = 3 <0.000003>
10    04:22:58.501379 openat(AT_FDCWD, "/usr/lib/python3.10/__pycache__/copyreg.cpython-310.pyc", O_RDONLY|O_CLOEXEC) = 3 <0.000003>
10    04:22:58.501472 openat(AT_FDCWD, "/usr/lib/python3.10/json/__pycache__/scanner.cpython-310.pyc", O_RDONLY|O_CLOEXEC) = 3 <0.000003>
10    04:22:58.501565 openat(AT_FDCWD, "/usr/lib/python3.10/lib-dynload/_json.cpython-310-aarch64-linux-gnu.so", O_RDONLY|O_CLOEXEC) = 3 <0.000002>
10    04:22:58.501583 mmap(NULL, 170016, PROT_NONE, MAP_PRIVATE|MAP_ANONYMOUS, -1, 0) = 0xed7559148000 <0.000002>
10    04:22:58.501590 mmap(0xed7559150000, 104480, PROT_READ|PROT_EXEC, MAP_PRIVATE|MAP_FIXED|MAP_DENYWRITE, 3, 0) = 0xed7559150000 <0.000006>
10    04:22:58.501614 mmap(0xed7559168000, 8192, PROT_READ|PROT_WRITE, MAP_PRIVATE|MAP_FIXED|MAP_DENYWRITE, 3, 0x8000) = 0xed7559168000 <0.000003>
10    04:22:58.501859 openat(AT_FDCWD, "/usr/lib/python3.10/json/__pycache__/encoder.cpython-310.pyc", O_RDONLY|O_CLOEXEC) = 3 <0.000003>
10    04:22:58.503057 +++ exited with 0 +++
