PRETTY_NAME="Ubuntu 22.04.5 LTS"
NAME="Ubuntu"
VERSION_ID="22.04"
VERSION="22.04.5 LTS (Jammy Jellyfish)"
VERSION_CODENAME=jammy
ID=ubuntu
ID_LIKE=debian
HOME_URL="https://www.ubuntu.com/"
SUPPORT_URL="https://help.ubuntu.com/"
BUG_REPORT_URL="https://bugs.launchpad.net/ubuntu/"
PRIVACY_POLICY_URL="https://www.ubuntu.com/legal/terms-and-policies/privacy-policy"
UBUNTU_CODENAME=jammy
10    04:22:58.723907 execve("/usr/bin/cat", ["cat", "/etc/os-release"], 0xfffffb7b0448 /* 6 vars */) = 0 <0.000045>
10    04:22:58.724005 mmap(NULL, 8192, PROT_READ|PROT_WRITE, MAP_PRIVATE|MAP_ANONYMOUS, -1, 0) = 0xe141915a1000 <0.000002>
10    04:22:58.724021 openat(AT_FDCWD, "/etc/ld.so.cache", O_RDONLY|O_CLOEXEC) = 3 <0.000003>
10    04:22:58.724056 mmap(NULL, 6888, PROT_READ, MAP_PRIVATE, 3, 0) = 0xe1419159f000 <0.000002>
10    04:22:58.724069 openat(AT_FDCWD, "/lib/aarch64-linux-gnu/libc.so.6", O_RDONLY|O_CLOEXEC) = 3 <0.000003>
10    04:22:58.724086 mmap(NULL, 1830504, PROT_NONE, MAP_PRIVATE|MAP_ANONYMOUS, -1, 0) = 0xe141913ad000 <0.000002>
10    04:22:58.724093 mmap(0xe141913b0000, 1764968, PROT_READ|PROT_EXEC, MAP_PRIVATE|MAP_FIXED|MAP_DENYWRITE, 3, 0) = 0xe141913b0000 <0.000005>
10    04:22:58.724116 mmap(0xe1419154d000, 24576, PROT_READ|PROT_WRITE, MAP_PRIVATE|MAP_FIXED|MAP_DENYWRITE, 3, 0x18d000) = 0xe1419154d000 <0.000002>
10    04:22:58.724124 mmap(0xe14191553000, 48744, PROT_READ|PROT_WRITE, MAP_PRIVATE|MAP_FIXED|MAP_ANONYMOUS, -1, 0) = 0xe14191553000 <0.000002>
10    04:22:58.724221 openat(AT_FDCWD, "/etc/os-release", O_RDONLY) = 3 <0.000010>
10    04:22:58.724246 mmap(NULL, 139264, PROT_READ|PROT_WRITE, MAP_PRIVATE|MAP_ANONYMOUS, -1, 0) = 0xe1419138e000 <0.000002>
10    04:22:58.724372 +++ exited with 0 +++
